============================================================
   Brent-Kung 40-bit Adder Verification
============================================================
[5.00 ns] FAIL: a=x b=x cin=x | sum=0 cout=0 | exp=x
[15.00 ns] FAIL: a=1059844594822 b=144645885207 cin=1 | sum=0 cout=0 | exp=1204490480030
[25.00 ns] FAIL: a=142315427394 b=223137077590 cin=0 | sum=0 cout=0 | exp=365452504984
[35.00 ns] PASS: a=1021726564925 b=681051622700 cin=0 | sum=603266559849 cout=1
[45.00 ns] PASS: a=601236477812 b=404128332225 cin=1 | sum=1005364810038 cout=0
[55.00 ns] PASS: a=216843304928 b=1080298663388 cin=0 | sum=197630340540 cout=1
[65.00 ns] PASS: a=586291608016 b=163940252152 cin=0 | sum=750231860168 cout=0
[75.00 ns] PASS: a=440837471559 b=392786103393 cin=0 | sum=833623574952 cout=0
[85.00 ns] PASS: a=624068049486 b=1076885063201 cin=0 | sum=601441484911 cout=1
[95.00 ns] PASS: a=612352941735 b=717100934580 cin=0 | sum=229942248539 cout=1
[105.00 ns] PASS: a=785435155190 b=164928370253 cin=0 | sum=950363525443 cout=0
[115.00 ns] PASS: a=991364330456 b=1067366603977 cin=0 | sum=959219306657 cout=1
[125.00 ns] PASS: a=764575669942 b=312936489402 cin=0 | sum=1077512159344 cout=0
[135.00 ns] PASS: a=60261913058 b=941093341456 cin=1 | sum=1001355254515 cout=0
[145.00 ns] PASS: a=96051419040 b=788994452586 cin=0 | sum=885045871626 cout=0
[155.00 ns] PASS: a=197519470964 b=49448496176 cin=0 | sum=246967967140 cout=0
[165.00 ns] PASS: a=1096889926063 b=456265690211 cin=0 | sum=453643988498 cout=1
[175.00 ns] PASS: a=814238844464 b=953041291546 cin=1 | sum=667768508235 cout=1
[185.00 ns] PASS: a=1073403570245 b=397647856141 cin=1 | sum=371539798611 cout=1
[195.00 ns] PASS: a=58982639098 b=549726219245 cin=0 | sum=608708858343 cout=0
[205.00 ns] PASS: a=1028554169071 b=600364437390 cin=1 | sum=529406978686 cout=1
[215.00 ns] PASS: a=877964432550 b=715396157750 cin=1 | sum=493848962525 cout=1
[225.00 ns] PASS: a=427069754947 b=1073108118803 cin=1 | sum=400666245975 cout=1
[235.00 ns] PASS: a=102454103985 b=462070961297 cin=0 | sum=564525065282 cout=0
[245.00 ns] PASS: a=282313162704 b=412071861343 cin=0 | sum=694385024047 cout=0
[255.00 ns] PASS: a=947384440568 b=414875414982 cin=1 | sum=262748227775 cout=1
[265.00 ns] PASS: a=38005137520 b=496467977257 cin=1 | sum=534473114778 cout=0
[275.00 ns] PASS: a=627402177156 b=173121749189 cin=0 | sum=800523926345 cout=0
[285.00 ns] PASS: a=145141462663 b=1011875001342 cin=1 | sum=57504836230 cout=1
[295.00 ns] PASS: a=649751886556 b=102055263283 cin=1 | sum=751807149840 cout=0
[305.00 ns] PASS: a=645862566382 b=684021386182 cin=0 | sum=230372324788 cout=1
[315.00 ns] PASS: a=766847850633 b=703243494253 cin=0 | sum=370579717110 cout=1
[325.00 ns] PASS: a=611586297241 b=578915200554 cin=1 | sum=90989870020 cout=1
[335.00 ns] PASS: a=579599489195 b=747108774952 cin=0 | sum=227196636371 cout=1
[345.00 ns] PASS: a=230943756095 b=389144605529 cin=0 | sum=620088361624 cout=0
[355.00 ns] PASS: a=30055569352 b=1034312031505 cin=1 | sum=1064367600858 cout=0
[365.00 ns] PASS: a=1080619797387 b=139940901390 cin=0 | sum=121049071001 cout=1
[375.00 ns] PASS: a=136815251785 b=65597618721 cin=1 | sum=202412870507 cout=0
[385.00 ns] PASS: a=328610475418 b=1050624341695 cin=1 | sum=279723189338 cout=1
[395.00 ns] PASS: a=218870208827 b=138650891390 cin=0 | sum=357521100217 cout=0
[405.00 ns] PASS: a=223934941912 b=835617748312 cin=1 | sum=1059552690225 cout=0
[415.00 ns] PASS: a=125243897672 b=715286811428 cin=0 | sum=840530709100 cout=0
[425.00 ns] PASS: a=578543478908 b=903613175800 cin=1 | sum=382645026933 cout=1
[435.00 ns] PASS: a=954182200593 b=360720103080 cin=0 | sum=215390675897 cout=1
[445.00 ns] PASS: a=566133200424 b=370983654791 cin=1 | sum=937116855216 cout=0
[455.00 ns] PASS: a=91277428552 b=68794839502 cin=0 | sum=160072268054 cout=0
[465.00 ns] PASS: a=93584349570 b=364188214555 cin=1 | sum=457772564126 cout=0
[475.00 ns] PASS: a=1023982090295 b=73558262227 cin=1 | sum=1097540352523 cout=0
[485.00 ns] PASS: a=85960022207 b=723010764677 cin=0 | sum=808970786884 cout=0
[495.00 ns] PASS: a=300165510049 b=65186587794 cin=1 | sum=365352097844 cout=0
[505.00 ns] PASS: a=235848586870 b=1049785761415 cin=0 | sum=186122720509 cout=1
[515.00 ns] PASS: a=1049819080473 b=922177421298 cin=0 | sum=872484873995 cout=1
[525.00 ns] PASS: a=646166066996 b=746044184950 cin=0 | sum=292698624170 cout=1
[535.00 ns] PASS: a=755715016516 b=836988800318 cin=0 | sum=493192189058 cout=1
[545.00 ns] PASS: a=1052302868904 b=756048662875 cin=0 | sum=708839904003 cout=1
[555.00 ns] PASS: a=980632768933 b=1015128314959 cin=1 | sum=896249456117 cout=1
[565.00 ns] PASS: a=151089767524 b=16137233103 cin=0 | sum=167227000627 cout=0
[575.00 ns] PASS: a=443271930846 b=81748411838 cin=1 | sum=525020342685 cout=0
[585.00 ns] PASS: a=217433512064 b=736823188007 cin=1 | sum=954256700072 cout=0
[595.00 ns] PASS: a=27167044753 b=544572637293 cin=0 | sum=571739682046 cout=0
[605.00 ns] PASS: a=419310028454 b=800907099818 cin=1 | sum=120705500497 cout=1
[615.00 ns] PASS: a=181482348351 b=487910512165 cin=0 | sum=669392860516 cout=0
[625.00 ns] PASS: a=982603592785 b=61047014372 cin=1 | sum=1043650607158 cout=0
[635.00 ns] PASS: a=212664476638 b=1005163283498 cin=0 | sum=118316132360 cout=1
[645.00 ns] PASS: a=1005047513408 b=353269849177 cin=0 | sum=258805734809 cout=1
[655.00 ns] PASS: a=210414109691 b=824068612073 cin=0 | sum=1034482721764 cout=0
[665.00 ns] PASS: a=675265409391 b=229422364451 cin=0 | sum=904687773842 cout=0
[675.00 ns] PASS: a=227809221277 b=373914680616 cin=1 | sum=601723901894 cout=0
[685.00 ns] PASS: a=1004648281625 b=20440085050 cin=0 | sum=1025088366675 cout=0
[695.00 ns] PASS: a=290560801102 b=605989790317 cin=1 | sum=896550591420 cout=0
[705.00 ns] PASS: a=337834766468 b=33318612354 cin=1 | sum=371153378823 cout=0
[715.00 ns] PASS: a=659212880881 b=581501421934 cin=0 | sum=141202675039 cout=1
[725.00 ns] PASS: a=30706357168 b=299042225866 cin=0 | sum=329748583034 cout=0
[735.00 ns] PASS: a=71148705349 b=571724823749 cin=0 | sum=642873529098 cout=0
[745.00 ns] PASS: a=327723050528 b=715946696036 cin=0 | sum=1043669746564 cout=0
[755.00 ns] PASS: a=584455067989 b=1024288567627 cin=1 | sum=509232007841 cout=1
[765.00 ns] PASS: a=573718365005 b=588708561917 cin=0 | sum=62915299146 cout=1
[775.00 ns] PASS: a=812954821659 b=172818518198 cin=0 | sum=985773339857 cout=0
[785.00 ns] PASS: a=633862565007 b=310360986080 cin=1 | sum=944223551088 cout=0
[795.00 ns] PASS: a=23532687903 b=17669151867 cin=0 | sum=41201839770 cout=0
[805.00 ns] PASS: a=733767601015 b=293696221388 cin=0 | sum=1027463822403 cout=0
[815.00 ns] PASS: a=808796836833 b=806119942909 cin=1 | sum=515405151967 cout=1
[825.00 ns] PASS: a=324544302063 b=433783833338 cin=0 | sum=758328135401 cout=0
[835.00 ns] PASS: a=441976266821 b=925386856077 cin=1 | sum=267851495123 cout=1
[845.00 ns] PASS: a=410720909990 b=238191275280 cin=0 | sum=648912185270 cout=0
[855.00 ns] PASS: a=960996977506 b=535849424081 cin=1 | sum=397334773812 cout=1
[865.00 ns] PASS: a=586296634498 b=81006805522 cin=0 | sum=667303440020 cout=0
[875.00 ns] PASS: a=1854801503 b=982574507652 cin=0 | sum=984429309155 cout=0
[885.00 ns] PASS: a=105531747897 b=996912479118 cin=0 | sum=2932599239 cout=1
[895.00 ns] PASS: a=742876736837 b=108381188779 cin=0 | sum=851257925616 cout=0
[905.00 ns] PASS: a=371390867265 b=739892547226 cin=1 | sum=11771786716 cout=1
[915.00 ns] PASS: a=137410482925 b=172286295484 cin=0 | sum=309696778409 cout=0
[925.00 ns] PASS: a=1060972071339 b=492118271572 cin=1 | sum=453578715136 cout=1
[935.00 ns] PASS: a=1043362562164 b=426345419845 cin=1 | sum=370196354234 cout=1
[945.00 ns] PASS: a=1055132854450 b=799623767819 cin=0 | sum=755244994493 cout=1
[955.00 ns] PASS: a=253245091035 b=489980346895 cin=1 | sum=743225437931 cout=0
[965.00 ns] PASS: a=189780357633 b=551301802307 cin=0 | sum=741082159940 cout=0
[975.00 ns] PASS: a=678572235453 b=266925709792 cin=1 | sum=945497945246 cout=0
[985.00 ns] PASS: a=417281104379 b=54091131418 cin=0 | sum=471372235797 cout=0
[995.00 ns] PASS: a=431318293826 b=1080633341753 cin=0 | sum=412440007803 cout=1
[1005.00 ns] PASS: a=683515339143 b=638642409196 cin=0 | sum=222646120563 cout=1
[1015.00 ns] PASS: a=857025819319 b=946742809291 cin=1 | sum=704257000835 cout=1
[1025.00 ns] PASS: a=92040561719 b=179747642407 cin=0 | sum=271788204126 cout=0
[1035.00 ns] PASS: a=22524017265 b=248797170553 cin=1 | sum=271321187819 cout=0
[1045.00 ns] PASS: a=900790298557 b=613725090720 cin=1 | sum=415003761502 cout=1
[1055.00 ns] PASS: a=71462976744 b=189696735520 cin=0 | sum=261159712264 cout=0
[1065.00 ns] PASS: a=76168634889 b=999990404343 cin=0 | sum=1076159039232 cout=0
[1075.00 ns] PASS: a=871009376300 b=1030820055929 cin=1 | sum=802317804454 cout=1
[1085.00 ns] PASS: a=1830529420 b=451723010755 cin=1 | sum=453553540176 cout=0
[1095.00 ns] PASS: a=205016102948 b=608267759313 cin=0 | sum=813283862261 cout=0
[1105.00 ns] PASS: a=107855434606 b=399052216739 cin=0 | sum=506907651345 cout=0
[1115.00 ns] PASS: a=942183833907 b=601002443120 cin=0 | sum=443674649251 cout=1
[1125.00 ns] PASS: a=594663781821 b=306281169506 cin=0 | sum=900944951327 cout=0
[1135.00 ns] PASS: a=866884996408 b=856711356387 cin=1 | sum=624084725020 cout=1
[1145.00 ns] PASS: a=277216454616 b=1059443418832 cin=1 | sum=237148245673 cout=1
[1155.00 ns] PASS: a=328780889606 b=728042603398 cin=1 | sum=1056823493005 cout=0
[1165.00 ns] PASS: a=631813767595 b=754234458373 cin=0 | sum=286536598192 cout=1
[1175.00 ns] PASS: a=554185786824 b=260158369274 cin=1 | sum=814344156099 cout=0
[1185.00 ns] PASS: a=710479671928 b=986316943136 cin=1 | sum=597284987289 cout=1
[1195.00 ns] PASS: a=919106940136 b=1080634062199 cin=1 | sum=900229374560 cout=1
[1205.00 ns] PASS: a=1005101982264 b=95533218245 cin=0 | sum=1123572733 cout=1
[1215.00 ns] PASS: a=350008237685 b=387627583765 cin=0 | sum=737635821450 cout=0
[1225.00 ns] PASS: a=538581458140 b=831787135464 cin=0 | sum=270856965828 cout=1
[1235.00 ns] PASS: a=854368415521 b=332930056571 cin=0 | sum=87786844316 cout=1
[1245.00 ns] PASS: a=176556283133 b=670271537825 cin=0 | sum=846827820958 cout=0
[1255.00 ns] PASS: a=105667557443 b=363068037531 cin=1 | sum=468735594975 cout=0
[1265.00 ns] PASS: a=349732252602 b=451813707299 cin=0 | sum=801545959901 cout=0
[1275.00 ns] PASS: a=229443514248 b=974928677990 cin=1 | sum=104860564463 cout=1
[1285.00 ns] PASS: a=122112191942 b=108182608142 cin=1 | sum=230294800085 cout=0
[1295.00 ns] PASS: a=499678342458 b=79460982679 cin=1 | sum=579139325138 cout=0
[1305.00 ns] PASS: a=588468087306 b=176779572648 cin=0 | sum=765247659954 cout=0
[1315.00 ns] PASS: a=527169357377 b=26699196684 cin=1 | sum=553868554062 cout=0
[1325.00 ns] PASS: a=431310273598 b=379428053197 cin=1 | sum=810738326796 cout=0
[1335.00 ns] PASS: a=902021778508 b=439763970880 cin=0 | sum=242274121612 cout=1
[1345.00 ns] PASS: a=180764470875 b=141196780696 cin=0 | sum=321961251571 cout=0
[1355.00 ns] PASS: a=953211305412 b=954003640039 cin=0 | sum=807703317675 cout=1
[1365.00 ns] PASS: a=395473911271 b=696633895170 cin=1 | sum=1092107806442 cout=0
[1375.00 ns] PASS: a=845684621431 b=554900050620 cin=1 | sum=301073044276 cout=1
[1385.00 ns] PASS: a=941602664031 b=968142991642 cin=1 | sum=810234027898 cout=1
[1395.00 ns] PASS: a=613584354590 b=559604111355 cin=0 | sum=73676838169 cout=1
[1405.00 ns] PASS: a=257168781388 b=543177517954 cin=1 | sum=800346299343 cout=0
[1415.00 ns] PASS: a=632167524139 b=714974071077 cin=1 | sum=247629967441 cout=1
[1425.00 ns] PASS: a=199129928904 b=377981896522 cin=0 | sum=577111825426 cout=0
[1435.00 ns] PASS: a=920351062908 b=336814148090 cin=0 | sum=157653583222 cout=1
[1445.00 ns] PASS: a=528494516090 b=786775472748 cin=0 | sum=215758361062 cout=1
[1455.00 ns] PASS: a=89563142638 b=126940216013 cin=1 | sum=216503358652 cout=0
[1465.00 ns] PASS: a=126761667928 b=1034638255471 cin=0 | sum=61888295623 cout=1
[1475.00 ns] PASS: a=604008980709 b=504197754532 cin=1 | sum=8695107466 cout=1
[1485.00 ns] PASS: a=526732561581 b=685240406012 cin=1 | sum=112461339818 cout=1
[1495.00 ns] PASS: a=827188522813 b=456919880382 cin=1 | sum=184596775420 cout=1
[1505.00 ns] PASS: a=910337194803 b=1040299224173 cin=1 | sum=851124791201 cout=1
[1515.00 ns] PASS: a=868793776198 b=931137568625 cin=1 | sum=700419717048 cout=1
[1525.00 ns] PASS: a=408484702535 b=634137998492 cin=1 | sum=1042622701028 cout=0
[1535.00 ns] PASS: a=1093064685238 b=820224265605 cin=1 | sum=813777323068 cout=1
[1545.00 ns] PASS: a=744761986424 b=211726882938 cin=0 | sum=956488869362 cout=0
[1555.00 ns] PASS: a=970523973300 b=90763978866 cin=1 | sum=1061287952167 cout=0
[1565.00 ns] PASS: a=278299304454 b=822434737979 cin=0 | sum=1222414657 cout=1
[1575.00 ns] PASS: a=843705971828 b=748138183984 cin=0 | sum=492332528036 cout=1
[1585.00 ns] PASS: a=555978401296 b=980233139733 cin=1 | sum=436699913254 cout=1
[1595.00 ns] PASS: a=593461861358 b=979037316725 cin=1 | sum=472987550308 cout=1
[1605.00 ns] PASS: a=557597927030 b=158687327202 cin=1 | sum=716285254233 cout=0
[1615.00 ns] PASS: a=407538671546 b=151527826069 cin=0 | sum=559066497615 cout=0
[1625.00 ns] PASS: a=130773272261 b=910252336947 cin=1 | sum=1041025609209 cout=0
[1635.00 ns] PASS: a=410977841186 b=676472865896 cin=0 | sum=1087450707082 cout=0
[1645.00 ns] PASS: a=545594775716 b=927160730757 cin=1 | sum=373243878698 cout=1
[1655.00 ns] PASS: a=613462763732 b=627665420246 cin=0 | sum=141616556202 cout=1
[1665.00 ns] PASS: a=83783727255 b=780159044796 cin=0 | sum=863942772051 cout=0
[1675.00 ns] PASS: a=589188440817 b=124822502400 cin=1 | sum=714010943218 cout=0
[1685.00 ns] PASS: a=475991388437 b=597624289303 cin=0 | sum=1073615677740 cout=0
[1695.00 ns] PASS: a=917192935995 b=474677725217 cin=1 | sum=292359033437 cout=1
[1705.00 ns] PASS: a=777370116427 b=932180731957 cin=1 | sum=610039220609 cout=1
[1715.00 ns] PASS: a=805698424756 b=879100919193 cin=1 | sum=585287716174 cout=1
[1725.00 ns] PASS: a=548754481911 b=348395101154 cin=1 | sum=897149583066 cout=0
[1735.00 ns] PASS: a=71725476088 b=940372168893 cin=0 | sum=1012097644981 cout=0
[1745.00 ns] PASS: a=387890117445 b=19684166079 cin=1 | sum=407574283525 cout=0
[1755.00 ns] PASS: a=410751429376 b=1056698262368 cin=1 | sum=367938063969 cout=1
[1765.00 ns] PASS: a=307420124311 b=680816173845 cin=0 | sum=988236298156 cout=0
[1775.00 ns] PASS: a=308250511434 b=704224749378 cin=1 | sum=1012475260813 cout=0
[1785.00 ns] PASS: a=1013114839960 b=669429227073 cin=1 | sum=583032439258 cout=1
[1795.00 ns] PASS: a=65901305193 b=427075556272 cin=1 | sum=492976861466 cout=0
[1805.00 ns] PASS: a=395710758930 b=614215407774 cin=0 | sum=1009926166704 cout=0
[1815.00 ns] PASS: a=831930061963 b=472481018151 cin=1 | sum=204899452339 cout=1
[1825.00 ns] PASS: a=666137539163 b=7979987425 cin=1 | sum=674117526589 cout=0
[1835.00 ns] PASS: a=307850416004 b=154412734138 cin=1 | sum=462263150143 cout=0
[1845.00 ns] PASS: a=278862336079 b=453324326714 cin=1 | sum=732186662794 cout=0
[1855.00 ns] PASS: a=398380878159 b=194566715522 cin=1 | sum=592947593682 cout=0
[1865.00 ns] PASS: a=1038873039166 b=290642197177 cin=0 | sum=230003608567 cout=1
[1875.00 ns] PASS: a=385067698991 b=732429591401 cin=1 | sum=17985662617 cout=1
[1885.00 ns] PASS: a=565911227949 b=430353058762 cin=0 | sum=996264286711 cout=0
[1895.00 ns] PASS: a=124558816975 b=928320047627 cin=1 | sum=1052878864603 cout=0
[1905.00 ns] PASS: a=51664487517 b=1039783133127 cin=1 | sum=1091447620645 cout=0
[1915.00 ns] PASS: a=695521695252 b=123200743301 cin=0 | sum=818722438553 cout=0
[1925.00 ns] PASS: a=156211393017 b=726825027049 cin=1 | sum=883036420067 cout=0
[1935.00 ns] PASS: a=13396126341 b=386123597923 cin=0 | sum=399519724264 cout=0
[1945.00 ns] PASS: a=167679498580 b=349878333477 cin=0 | sum=517557832057 cout=0
[1955.00 ns] PASS: a=1075339241835 b=1012574244630 cin=1 | sum=988401858690 cout=1
[1965.00 ns] PASS: a=247882542371 b=661382355643 cin=1 | sum=909264898015 cout=0
[1975.00 ns] PASS: a=139501453081 b=866057001108 cin=0 | sum=1005558454189 cout=0
[1985.00 ns] PASS: a=387016929428 b=756711620218 cin=0 | sum=44216921870 cout=1
[1995.00 ns] PASS: a=488426531584 b=687050231563 cin=1 | sum=75965135372 cout=1
[2005.00 ns] PASS: a=893683204145 b=346993786376 cin=0 | sum=141165362745 cout=1
[2015.00 ns] PASS: a=1007505692540 b=940361845720 cin=0 | sum=848355910484 cout=1
[2025.00 ns] PASS: a=708004713717 b=106057307313 cin=1 | sum=814062021031 cout=0
[2035.00 ns] PASS: a=245128792949 b=1050092664603 cin=0 | sum=195709829776 cout=1
[2045.00 ns] PASS: a=89503215860 b=451528553866 cin=0 | sum=541031769726 cout=0
[2055.00 ns] PASS: a=891233732946 b=631443368606 cin=0 | sum=423165473776 cout=1
[2065.00 ns] PASS: a=163291780492 b=174643180521 cin=1 | sum=337934961014 cout=0
[2075.00 ns] PASS: a=954781838794 b=187549929196 cin=1 | sum=42820140215 cout=1
[2085.00 ns] PASS: a=776871703802 b=17309305475 cin=0 | sum=794181009277 cout=0
[2095.00 ns] PASS: a=33791687317 b=290664940746 cin=1 | sum=324456628064 cout=0
[2105.00 ns] PASS: a=760713795007 b=267728311468 cin=1 | sum=1028442106476 cout=0
[2115.00 ns] PASS: a=818186910746 b=661482046066 cin=1 | sum=380157329037 cout=1
[2125.00 ns] PASS: a=551543743556 b=29335117202 cin=0 | sum=580878860758 cout=0
[2135.00 ns] PASS: a=752741398136 b=758380227388 cin=0 | sum=411609997748 cout=1
[2145.00 ns] PASS: a=562820106135 b=939598191460 cin=0 | sum=402906669819 cout=1
[2155.00 ns] PASS: a=775512051111 b=573447889306 cin=1 | sum=249448312642 cout=1
[2165.00 ns] PASS: a=368177547321 b=684642046151 cin=0 | sum=1052819593472 cout=0
[2175.00 ns] PASS: a=83580337545 b=616203712148 cin=0 | sum=699784049693 cout=0
[2185.00 ns] PASS: a=335857484885 b=276571092235 cin=0 | sum=612428577120 cout=0
[2195.00 ns] PASS: a=101459739161 b=210789070632 cin=0 | sum=312248809793 cout=0
[2205.00 ns] PASS: a=258940295898 b=79347121141 cin=0 | sum=338287417039 cout=0
[2215.00 ns] PASS: a=323069105435 b=250084654901 cin=1 | sum=573153760337 cout=0
[2225.00 ns] PASS: a=525182269256 b=401806225442 cin=1 | sum=926988494699 cout=0
[2235.00 ns] PASS: a=978597688834 b=235422153438 cin=0 | sum=114508214496 cout=1
[2245.00 ns] PASS: a=887162112567 b=759789182792 cin=0 | sum=547439667583 cout=1
[2255.00 ns] PASS: a=46424840675 b=676567493256 cin=0 | sum=722992333931 cout=0
[2265.00 ns] PASS: a=742192156382 b=1015217399269 cin=1 | sum=657897927876 cout=1
[2275.00 ns] PASS: a=229833979046 b=93261701854 cin=1 | sum=323095680901 cout=0
[2285.00 ns] PASS: a=938698757154 b=166345525272 cin=1 | sum=5532654651 cout=1
[2295.00 ns] PASS: a=765492894177 b=486352875906 cin=1 | sum=152334142308 cout=1
[2305.00 ns] PASS: a=581470349305 b=935698220988 cin=0 | sum=417656942517 cout=1
[2315.00 ns] PASS: a=1086996237050 b=49075542097 cin=1 | sum=36560151372 cout=1
[2325.00 ns] PASS: a=319166320162 b=1072002997244 cin=0 | sum=291657689630 cout=1
[2335.00 ns] PASS: a=740883822977 b=742463423592 cin=1 | sum=383835618794 cout=1
[2345.00 ns] PASS: a=761634760580 b=984583775476 cin=0 | sum=646706908280 cout=1
[2355.00 ns] PASS: a=1031489642474 b=160970871625 cin=1 | sum=92948886324 cout=1
[2365.00 ns] PASS: a=285733924267 b=343180574242 cin=1 | sum=628914498510 cout=0
[2375.00 ns] PASS: a=1062566914050 b=241700810706 cin=1 | sum=204756096981 cout=1
[2385.00 ns] PASS: a=111431890502 b=600535923888 cin=0 | sum=711967814390 cout=0
[2395.00 ns] PASS: a=809618568671 b=638381056484 cin=0 | sum=348487997379 cout=1
[2405.00 ns] PASS: a=598423069837 b=1032303739614 cin=1 | sum=531215181676 cout=1
[2415.00 ns] PASS: a=1098999047959 b=979845031661 cin=0 | sum=979332451844 cout=1
[2425.00 ns] PASS: a=515655717622 b=151020122138 cin=1 | sum=666675839761 cout=0
[2435.00 ns] PASS: a=547034757504 b=287526805170 cin=0 | sum=834561562674 cout=0
[2445.00 ns] PASS: a=209761953194 b=602988111233 cin=0 | sum=812750064427 cout=0
[2455.00 ns] PASS: a=759586728397 b=653731911430 cin=0 | sum=313807012051 cout=1
[2465.00 ns] PASS: a=92104175247 b=298372081887 cin=0 | sum=390476257134 cout=0
[2475.00 ns] PASS: a=523521458617 b=713907575385 cin=0 | sum=137917406226 cout=1
[2485.00 ns] PASS: a=440991622635 b=270388737132 cin=1 | sum=711380359768 cout=0
[2495.00 ns] PASS: a=869574020780 b=880559269956 cin=0 | sum=650621662960 cout=1
[2505.00 ns] PASS: a=888721376998 b=483766470618 cin=1 | sum=272976219841 cout=1
[2515.00 ns] PASS: a=5651571962 b=913044814967 cin=0 | sum=918696386929 cout=0
[2525.00 ns] PASS: a=762802318709 b=348206147429 cin=1 | sum=11496838363 cout=1
[2535.00 ns] PASS: a=512432044321 b=258718191541 cin=1 | sum=771150235863 cout=0
[2545.00 ns] PASS: a=362844910458 b=1009394937871 cin=0 | sum=272728220553 cout=1
[2555.00 ns] PASS: a=782973290433 b=934289072071 cin=0 | sum=617750734728 cout=1
[2565.00 ns] PASS: a=299372498200 b=284309787689 cin=0 | sum=583682285889 cout=0
[2575.00 ns] PASS: a=118818491931 b=917048301196 cin=0 | sum=1035866793127 cout=0
[2585.00 ns] PASS: a=785865955467 b=1016588141018 cin=1 | sum=702942468710 cout=1
[2595.00 ns] PASS: a=1061031708762 b=303787797896 cin=1 | sum=265307878883 cout=1
[2605.00 ns] PASS: a=734141172745 b=30962267459 cin=0 | sum=765103440204 cout=0
[2615.00 ns] PASS: a=464769226741 b=1045903555241 cin=0 | sum=411161154206 cout=1
[2625.00 ns] PASS: a=139663717487 b=1064060836457 cin=0 | sum=104212926168 cout=1
[2635.00 ns] PASS: a=640871214053 b=43619417114 cin=1 | sum=684490631168 cout=0
[2645.00 ns] PASS: a=702947189200 b=614915979036 cin=0 | sum=218351540460 cout=1
[2655.00 ns] PASS: a=838390846868 b=885797194841 cin=0 | sum=624676413933 cout=1
[2665.00 ns] PASS: a=986676345632 b=590531242856 cin=0 | sum=477695960712 cout=1
[2675.00 ns] PASS: a=859017261210 b=574706644202 cin=0 | sum=334212277636 cout=1
[2685.00 ns] PASS: a=349757706372 b=589982613331 cin=1 | sum=939740319704 cout=0
[2695.00 ns] PASS: a=761361774800 b=211537964383 cin=0 | sum=972899739183 cout=0
[2705.00 ns] PASS: a=807418623002 b=1059425042172 cin=1 | sum=767332037399 cout=1
[2715.00 ns] PASS: a=411144218953 b=937215362449 cin=1 | sum=248847953627 cout=1
[2725.00 ns] PASS: a=637721260854 b=455583949391 cin=1 | sum=1093305210246 cout=0
[2735.00 ns] PASS: a=918373144600 b=471598634292 cin=0 | sum=290460151116 cout=1
[2745.00 ns] PASS: a=308431408740 b=618481023986 cin=1 | sum=926912432727 cout=0
[2755.00 ns] PASS: a=254065919524 b=573753073720 cin=0 | sum=827818993244 cout=0
[2765.00 ns] PASS: a=765324580011 b=727222336275 cin=1 | sum=393035288511 cout=1
[2775.00 ns] PASS: a=1013633619794 b=611106995852 cin=1 | sum=525228987871 cout=1
[2785.00 ns] PASS: a=932174192364 b=42007969336 cin=1 | sum=974182161701 cout=0
[2795.00 ns] PASS: a=1099392298689 b=194333740862 cin=1 | sum=194214411776 cout=1
[2805.00 ns] PASS: a=254776091215 b=331916122449 cin=0 | sum=586692213664 cout=0
[2815.00 ns] PASS: a=184064265216 b=884341285401 cin=0 | sum=1068405550617 cout=0
[2825.00 ns] PASS: a=516330962200 b=117686933388 cin=0 | sum=634017895588 cout=0
[2835.00 ns] PASS: a=1982304602 b=806479945757 cin=1 | sum=808462250360 cout=0
[2845.00 ns] PASS: a=185221680998 b=728491588034 cin=1 | sum=913713269033 cout=0
[2855.00 ns] PASS: a=863638380713 b=303397233299 cin=0 | sum=67523986236 cout=1
[2865.00 ns] PASS: a=143605182874 b=435456789620 cin=0 | sum=579061972494 cout=0
[2875.00 ns] PASS: a=567448832856 b=739484674442 cin=1 | sum=207421879523 cout=1
[2885.00 ns] PASS: a=350144494724 b=439832001716 cin=0 | sum=789976496440 cout=0
[2895.00 ns] PASS: a=964036721527 b=1005739855351 cin=0 | sum=870264949102 cout=1
[2905.00 ns] PASS: a=328881875844 b=655349096814 cin=1 | sum=984230972659 cout=0
[2915.00 ns] PASS: a=174336167696 b=708263997659 cin=0 | sum=882600165355 cout=0
[2925.00 ns] PASS: a=1035077285695 b=841216151269 cin=0 | sum=776781809188 cout=1
[2935.00 ns] PASS: a=502730845212 b=786335832080 cin=0 | sum=189555049516 cout=1
[2945.00 ns] PASS: a=754264092573 b=913880501353 cin=0 | sum=568632966150 cout=1
[2955.00 ns] PASS: a=698044787404 b=295146009262 cin=0 | sum=993190796666 cout=0
[2965.00 ns] PASS: a=709117863460 b=108726892688 cin=1 | sum=817844756149 cout=0
[2975.00 ns] PASS: a=920834778363 b=171553190452 cin=0 | sum=1092387968815 cout=0
[2985.00 ns] PASS: a=306840385011 b=332112043636 cin=0 | sum=638952428647 cout=0
[2995.00 ns] PASS: a=728371647757 b=262527111880 cin=0 | sum=990898759637 cout=0
[3005.00 ns] PASS: a=592690230503 b=696740955845 cin=1 | sum=189919558573 cout=1
[3015.00 ns] PASS: a=156078064516 b=990853882960 cin=0 | sum=47420319700 cout=1
[3025.00 ns] PASS: a=643245779377 b=213260843445 cin=0 | sum=856506622822 cout=0
[3035.00 ns] PASS: a=211512549903 b=705798174523 cin=1 | sum=917310724427 cout=0
[3045.00 ns] PASS: a=645115008223 b=527229272830 cin=1 | sum=72832653278 cout=1
[3055.00 ns] PASS: a=212876241888 b=859716422438 cin=1 | sum=1072592664327 cout=0
[3065.00 ns] PASS: a=165908283186 b=887865599900 cin=0 | sum=1053773883086 cout=0
[3075.00 ns] PASS: a=943330657933 b=584506217163 cin=1 | sum=428325247321 cout=1
[3085.00 ns] PASS: a=341151196593 b=991577042159 cin=0 | sum=233216610976 cout=1
[3095.00 ns] PASS: a=602520681422 b=1081281257430 cin=0 | sum=584290311076 cout=1
[3105.00 ns] PASS: a=365465834582 b=1034002948953 cin=0 | sum=299957155759 cout=1
[3115.00 ns] PASS: a=742864522183 b=840310301331 cin=0 | sum=483663195738 cout=1
[3125.00 ns] PASS: a=666039425612 b=912373033629 cin=0 | sum=478900831465 cout=1
[3135.00 ns] PASS: a=938102970573 b=516390481051 cin=0 | sum=354981823848 cout=1
[3145.00 ns] PASS: a=364646780692 b=584674487435 cin=1 | sum=949321268128 cout=0
[3155.00 ns] PASS: a=1090103056578 b=60257821411 cin=0 | sum=50849250213 cout=1
[3165.00 ns] PASS: a=1040117771797 b=701407503027 cin=0 | sum=642013647048 cout=1
[3175.00 ns] PASS: a=447529213307 b=826849661655 cin=0 | sum=174867247186 cout=1
[3185.00 ns] PASS: a=452107218513 b=633564018234 cin=1 | sum=1085671236748 cout=0
[3195.00 ns] PASS: a=771163796687 b=378587676525 cin=1 | sum=50239845437 cout=1
[3205.00 ns] PASS: a=809541697123 b=162308175121 cin=1 | sum=971849872245 cout=0
[3215.00 ns] PASS: a=1091543738941 b=846926628434 cin=0 | sum=838958739599 cout=1
[3225.00 ns] PASS: a=508030632177 b=249310053896 cin=1 | sum=757340686074 cout=0
[3235.00 ns] PASS: a=757572478798 b=376268161697 cin=1 | sum=34329012720 cout=1
[3245.00 ns] PASS: a=1057833393198 b=973433701797 cin=0 | sum=931755467219 cout=1
[3255.00 ns] PASS: a=1058924289312 b=161449501119 cin=1 | sum=120862162656 cout=1
[3265.00 ns] PASS: a=807543322412 b=232507676580 cin=0 | sum=1040050998992 cout=0
[3275.00 ns] PASS: a=596820629684 b=415528486997 cin=1 | sum=1012349116682 cout=0
[3285.00 ns] PASS: a=98551130628 b=686424034687 cin=0 | sum=784975165315 cout=0
[3295.00 ns] PASS: a=606436488447 b=683109906560 cin=0 | sum=190034767231 cout=1
[3305.00 ns] PASS: a=963506242083 b=508385532031 cin=1 | sum=372380146339 cout=1
[3315.00 ns] PASS: a=531681843403 b=498760513449 cin=1 | sum=1030442356853 cout=0
[3325.00 ns] PASS: a=214085638716 b=136540612127 cin=1 | sum=350626250844 cout=0
[3335.00 ns] PASS: a=522119046118 b=821668465066 cin=0 | sum=244275883408 cout=1
[3345.00 ns] PASS: a=200006186418 b=20716310467 cin=1 | sum=220722496886 cout=0
[3355.00 ns] PASS: a=655959354937 b=669446883369 cin=1 | sum=225894610531 cout=1
[3365.00 ns] PASS: a=394476036463 b=173185876754 cin=1 | sum=567661913218 cout=0
[3375.00 ns] PASS: a=810059846838 b=948538128460 cin=1 | sum=659086347523 cout=1
[3385.00 ns] PASS: a=126100217991 b=158929045120 cin=1 | sum=285029263112 cout=0
[3395.00 ns] PASS: a=302463800132 b=508260881973 cin=1 | sum=810724682106 cout=0
[3405.00 ns] PASS: a=342445928739 b=870072962493 cin=0 | sum=113007263456 cout=1
[3415.00 ns] PASS: a=793359214603 b=296676863212 cin=0 | sum=1090036077815 cout=0
[3425.00 ns] PASS: a=82518101620 b=825093620776 cin=0 | sum=907611722396 cout=0
[3435.00 ns] PASS: a=1003158307796 b=66562493086 cin=0 | sum=1069720800882 cout=0
[3445.00 ns] PASS: a=341108362953 b=940824844153 cin=0 | sum=182421579330 cout=1
[3455.00 ns] PASS: a=564540370010 b=786828067923 cin=0 | sum=251856810157 cout=1
[3465.00 ns] PASS: a=462348577026 b=4750701374 cin=1 | sum=467099278401 cout=0
[3475.00 ns] PASS: a=960533217465 b=1052116277649 cin=0 | sum=913137867338 cout=1
[3485.00 ns] PASS: a=337578875626 b=852671337952 cin=1 | sum=90738585803 cout=1
[3495.00 ns] PASS: a=540532626783 b=78162358154 cin=0 | sum=618694984937 cout=0
[3505.00 ns] PASS: a=778247547463 b=265402008138 cin=0 | sum=1043649555601 cout=0
[3515.00 ns] PASS: a=745564613678 b=569957080249 cin=1 | sum=216010066152 cout=1
[3525.00 ns] PASS: a=328083643550 b=575996550503 cin=1 | sum=904080194054 cout=0
[3535.00 ns] PASS: a=139498092214 b=328517151012 cin=0 | sum=468015243226 cout=0
[3545.00 ns] PASS: a=258058638841 b=103227872528 cin=1 | sum=361286511370 cout=0
[3555.00 ns] PASS: a=515483575199 b=588146805920 cin=1 | sum=4118753344 cout=1
[3565.00 ns] PASS: a=12358133053 b=1021015363116 cin=1 | sum=1033373496170 cout=0
[3575.00 ns] PASS: a=102775965127 b=715783283646 cin=0 | sum=818559248773 cout=0
[3585.00 ns] PASS: a=881468370115 b=989443168770 cin=1 | sum=771399911110 cout=1
[3595.00 ns] PASS: a=783634234023 b=26411097430 cin=1 | sum=810045331454 cout=0
[3605.00 ns] PASS: a=821630607449 b=182888670993 cin=1 | sum=1004519278443 cout=0
[3615.00 ns] PASS: a=624016991976 b=130942047685 cin=1 | sum=754959039662 cout=0
[3625.00 ns] PASS: a=787919637976 b=342571997171 cin=1 | sum=30980007372 cout=1
[3635.00 ns] PASS: a=165298060125 b=353169916502 cin=1 | sum=518467976628 cout=0
[3645.00 ns] PASS: a=628605379564 b=596744385290 cin=0 | sum=125838137078 cout=1
[3655.00 ns] PASS: a=930743191998 b=156277638775 cin=1 | sum=1087020830774 cout=0
[3665.00 ns] PASS: a=62646336198 b=240044853262 cin=1 | sum=302691189461 cout=0
[3675.00 ns] PASS: a=1092666281936 b=442594876837 cin=0 | sum=435749530997 cout=1
[3685.00 ns] PASS: a=729695343821 b=538528515252 cin=0 | sum=168712231297 cout=1
[3695.00 ns] PASS: a=131648379108 b=623454142509 cin=0 | sum=755102521617 cout=0
[3705.00 ns] PASS: a=231613559180 b=951856828422 cin=0 | sum=83958759826 cout=1
[3715.00 ns] PASS: a=426821794000 b=502757269052 cin=1 | sum=929579063053 cout=0
[3725.00 ns] PASS: a=1070951396201 b=951814091815 cin=1 | sum=923253860241 cout=1
[3735.00 ns] PASS: a=652722340047 b=915673762775 cin=1 | sum=468884475047 cout=1
[3745.00 ns] PASS: a=665750130927 b=286649184399 cin=1 | sum=952399315327 cout=0
[3755.00 ns] PASS: a=135060370927 b=799998693800 cin=0 | sum=935059064727 cout=0
[3765.00 ns] PASS: a=133979497648 b=462119146252 cin=0 | sum=596098643900 cout=0
[3775.00 ns] PASS: a=882183016945 b=483615726023 cin=0 | sum=266287115192 cout=1
[3785.00 ns] PASS: a=845573176073 b=876961676300 cin=0 | sum=623023224597 cout=1
[3795.00 ns] PASS: a=607965446855 b=641117613295 cin=1 | sum=149571432375 cout=1
[3805.00 ns] PASS: a=583632685902 b=664573184754 cin=0 | sum=148694242880 cout=1
[3815.00 ns] PASS: a=203435393564 b=704902871987 cin=1 | sum=908338265552 cout=0
[3825.00 ns] PASS: a=600609565219 b=186403678603 cin=1 | sum=787013243823 cout=0
[3835.00 ns] PASS: a=928351358334 b=932458631350 cin=0 | sum=761298361908 cout=1
[3845.00 ns] PASS: a=874932471067 b=624214546910 cin=1 | sum=399635390202 cout=1
[3855.00 ns] PASS: a=1011916362025 b=453913777142 cin=0 | sum=366318511391 cout=1
[3865.00 ns] PASS: a=717999975365 b=530590259182 cin=0 | sum=149078606771 cout=1
[3875.00 ns] PASS: a=440807475848 b=410716572833 cin=1 | sum=851524048682 cout=0
[3885.00 ns] PASS: a=401657700564 b=460043116834 cin=0 | sum=861700817398 cout=0
[3895.00 ns] PASS: a=1095701763290 b=687546768918 cin=0 | sum=683736904432 cout=1
[3905.00 ns] PASS: a=467823080972 b=742317200747 cin=1 | sum=110628653944 cout=1
[3915.00 ns] PASS: a=615951829420 b=961216800251 cin=0 | sum=477657001895 cout=1
[3925.00 ns] PASS: a=450386567179 b=830987401839 cin=0 | sum=181862341242 cout=1
[3935.00 ns] PASS: a=593776652286 b=603850355851 cin=0 | sum=98115380361 cout=1
[3945.00 ns] PASS: a=913412115259 b=135218151223 cin=0 | sum=1048630266482 cout=0
[3955.00 ns] PASS: a=627595309130 b=7515350422 cin=1 | sum=635110659553 cout=0
[3965.00 ns] PASS: a=1051830573405 b=457963013934 cin=0 | sum=410281959563 cout=1
[3975.00 ns] PASS: a=449173895379 b=545453602750 cin=1 | sum=994627498130 cout=0
[3985.00 ns] PASS: a=819668197268 b=623704395134 cin=0 | sum=343860964626 cout=1
[3995.00 ns] PASS: a=864820362459 b=753670713589 cin=0 | sum=518979448272 cout=1
[4005.00 ns] PASS: a=316228964067 b=558159769099 cin=0 | sum=874388733166 cout=0
[4015.00 ns] PASS: a=1092488909488 b=892163963473 cin=1 | sum=885141245186 cout=1
[4025.00 ns] PASS: a=503916770665 b=265989185430 cin=1 | sum=769905956096 cout=0
[4035.00 ns] PASS: a=123160442809 b=745630708393 cin=0 | sum=868791151202 cout=0
[4045.00 ns] PASS: a=651981393131 b=718664678098 cin=0 | sum=271134443453 cout=1
[4055.00 ns] PASS: a=355917430499 b=86552155806 cin=1 | sum=442469586306 cout=0
[4065.00 ns] PASS: a=494252532590 b=264724798580 cin=1 | sum=758977331171 cout=0
[4075.00 ns] PASS: a=776665724192 b=463662601720 cin=1 | sum=140816698137 cout=1
[4085.00 ns] PASS: a=908456944872 b=599159690367 cin=0 | sum=408105007463 cout=1
[4095.00 ns] PASS: a=412275681496 b=607922114946 cin=0 | sum=1020197796442 cout=0
[4105.00 ns] PASS: a=445662263634 b=216172952415 cin=1 | sum=661835216050 cout=0
[4115.00 ns] PASS: a=1035091266677 b=113333361093 cin=1 | sum=48912999995 cout=1
[4125.00 ns] PASS: a=979965925543 b=722607111569 cin=1 | sum=603061409337 cout=1
[4135.00 ns] PASS: a=718205956475 b=955114974810 cin=0 | sum=573809303509 cout=1
[4145.00 ns] PASS: a=508435265166 b=157319334116 cin=0 | sum=665754599282 cout=0
[4155.00 ns] PASS: a=680933533894 b=1093627330219 cin=0 | sum=675049236337 cout=1
[4165.00 ns] PASS: a=1096154466755 b=335084278431 cin=1 | sum=331727117411 cout=1
[4175.00 ns] PASS: a=43565186528 b=12569057358 cin=1 | sum=56134243887 cout=0
[4185.00 ns] PASS: a=819017746301 b=734834064394 cin=1 | sum=454340182920 cout=1
[4195.00 ns] PASS: a=429416748691 b=16472970348 cin=0 | sum=445889719039 cout=0
[4205.00 ns] PASS: a=341432385883 b=982707387182 cin=0 | sum=224628145289 cout=1
[4215.00 ns] PASS: a=921552833825 b=540795323598 cin=0 | sum=362836529647 cout=1
[4225.00 ns] PASS: a=144095263916 b=342707318727 cin=0 | sum=486802582643 cout=0
[4235.00 ns] PASS: a=530819003084 b=632356842122 cin=0 | sum=63664217430 cout=1
[4245.00 ns] PASS: a=934554985475 b=466214846657 cin=1 | sum=301258204357 cout=1
[4255.00 ns] PASS: a=139308063112 b=897930998619 cin=1 | sum=1037239061732 cout=0
[4265.00 ns] PASS: a=273767739507 b=196422358195 cin=1 | sum=470190097703 cout=0
[4275.00 ns] PASS: a=718814404378 b=717964585011 cin=1 | sum=337267361614 cout=1
[4285.00 ns] PASS: a=683966227960 b=307215728690 cin=0 | sum=991181956650 cout=0
[4295.00 ns] PASS: a=352201574638 b=219335700104 cin=1 | sum=571537274743 cout=0
[4305.00 ns] PASS: a=847584202437 b=945650364155 cin=0 | sum=693722938816 cout=1
[4315.00 ns] PASS: a=426648182626 b=117071122274 cin=0 | sum=543719304900 cout=0
[4325.00 ns] PASS: a=14079972248 b=249474607424 cin=0 | sum=263554579672 cout=0
[4335.00 ns] PASS: a=21029171299 b=543731790400 cin=0 | sum=564760961699 cout=0
[4345.00 ns] PASS: a=986480554821 b=614328857752 cin=1 | sum=501297784798 cout=1
[4355.00 ns] PASS: a=378008159367 b=308975169347 cin=1 | sum=686983328715 cout=0
[4365.00 ns] PASS: a=480425394705 b=762731217001 cin=1 | sum=143644983931 cout=1
[4375.00 ns] PASS: a=71586590479 b=449752849225 cin=0 | sum=521339439704 cout=0
[4385.00 ns] PASS: a=162662420890 b=531939221441 cin=0 | sum=694601642331 cout=0
[4395.00 ns] PASS: a=76624775280 b=873904589272 cin=1 | sum=950529364553 cout=0
[4405.00 ns] PASS: a=222677318745 b=296253331194 cin=0 | sum=518930649939 cout=0
[4415.00 ns] PASS: a=966572368984 b=1055546688521 cin=1 | sum=922607429730 cout=1
[4425.00 ns] PASS: a=403561831428 b=526109723038 cin=0 | sum=929671554466 cout=0
[4435.00 ns] PASS: a=1039916040010 b=736385495258 cin=0 | sum=676789907492 cout=1
[4445.00 ns] PASS: a=750232469598 b=512664251748 cin=1 | sum=163385093571 cout=1
[4455.00 ns] PASS: a=55879550276 b=178149536392 cin=0 | sum=234029086668 cout=0
[4465.00 ns] PASS: a=1079359118383 b=1038865916223 cin=0 | sum=1018713406830 cout=1
[4475.00 ns] PASS: a=441606570511 b=674108792290 cin=0 | sum=16203735025 cout=1
[4485.00 ns] PASS: a=761530212479 b=853855564754 cin=1 | sum=515874149458 cout=1
[4495.00 ns] PASS: a=151467922721 b=6263192502 cin=1 | sum=157731115224 cout=0
[4505.00 ns] PASS: a=595821376072 b=1031796478669 cin=0 | sum=528106226965 cout=1
[4515.00 ns] PASS: a=377530742343 b=676028172744 cin=1 | sum=1053558915088 cout=0
[4525.00 ns] PASS: a=139289746746 b=970098973944 cin=0 | sum=9877092914 cout=1
[4535.00 ns] PASS: a=846894105956 b=703665422319 cin=1 | sum=451047900500 cout=1
[4545.00 ns] PASS: a=489903025741 b=660815442686 cin=1 | sum=51206840652 cout=1
[4555.00 ns] PASS: a=983409366797 b=866714715980 cin=1 | sum=750612455002 cout=1
[4565.00 ns] PASS: a=939604003623 b=223087998766 cin=1 | sum=63180374614 cout=1
[4575.00 ns] PASS: a=1069542326479 b=918245041340 cin=1 | sum=888275740044 cout=1
[4585.00 ns] PASS: a=5398509482 b=837054513871 cin=1 | sum=842453023354 cout=0
[4595.00 ns] PASS: a=335909135190 b=467722331379 cin=0 | sum=803631466569 cout=0
[4605.00 ns] PASS: a=939464694054 b=731306524606 cin=0 | sum=571259590884 cout=1
[4615.00 ns] PASS: a=815507776983 b=742709915612 cin=0 | sum=458706064819 cout=1
[4625.00 ns] PASS: a=738495461121 b=955094146925 cin=1 | sum=594077980271 cout=1
[4635.00 ns] PASS: a=222124414318 b=368285555252 cin=1 | sum=590409969571 cout=0
[4645.00 ns] PASS: a=683792272084 b=768381215866 cin=1 | sum=352661860175 cout=1
[4655.00 ns] PASS: a=939033277509 b=581616805763 cin=1 | sum=421138455497 cout=1
[4665.00 ns] PASS: a=613395412553 b=108020445812 cin=1 | sum=721415858366 cout=0
[4675.00 ns] PASS: a=1097138948035 b=460625544148 cin=0 | sum=458252864407 cout=1
[4685.00 ns] PASS: a=871291616067 b=563804563346 cin=1 | sum=335584551638 cout=1
[4695.00 ns] PASS: a=1076687008282 b=256211459041 cin=1 | sum=233386839548 cout=1
[4705.00 ns] PASS: a=248627276571 b=837460751965 cin=1 | sum=1086088028537 cout=0
[4715.00 ns] PASS: a=682935773926 b=561422807950 cin=1 | sum=144846954101 cout=1
[4725.00 ns] PASS: a=28631989227 b=673290017188 cin=0 | sum=701922006415 cout=0
[4735.00 ns] PASS: a=1090072726456 b=614679018982 cin=1 | sum=605240117663 cout=1
[4745.00 ns] PASS: a=744890048328 b=1023348892465 cin=1 | sum=668727313018 cout=1
[4755.00 ns] PASS: a=516822102222 b=477068138231 cin=0 | sum=993890240453 cout=0
[4765.00 ns] PASS: a=194072110044 b=615618092564 cin=1 | sum=809690202609 cout=0
[4775.00 ns] PASS: a=587656213311 b=1012817323844 cin=1 | sum=500961909380 cout=1
[4785.00 ns] PASS: a=704757525423 b=389860136835 cin=0 | sum=1094617662258 cout=0
[4795.00 ns] PASS: a=654633947488 b=388204902817 cin=1 | sum=1042838850306 cout=0
[4805.00 ns] PASS: a=724214424373 b=2708368798 cin=0 | sum=726922793171 cout=0
[4815.00 ns] PASS: a=954598851382 b=332713080758 cin=0 | sum=187800304364 cout=1
[4825.00 ns] PASS: a=77639809358 b=628770902429 cin=0 | sum=706410711787 cout=0
[4835.00 ns] PASS: a=187553139756 b=365068445311 cin=0 | sum=552621585067 cout=0
[4845.00 ns] PASS: a=101772291802 b=996507044650 cin=1 | sum=1098279336453 cout=0
[4855.00 ns] PASS: a=1051103520875 b=534249204608 cin=1 | sum=485841097708 cout=1
[4865.00 ns] PASS: a=1001693052055 b=344175070457 cin=0 | sum=246356494736 cout=1
[4875.00 ns] PASS: a=206420151162 b=183980862600 cin=0 | sum=390401013762 cout=0
[4885.00 ns] PASS: a=218738661473 b=133842443999 cin=1 | sum=352581105473 cout=0
[4895.00 ns] PASS: a=827365873435 b=550264540983 cin=0 | sum=278118786642 cout=1
[4905.00 ns] PASS: a=141815078661 b=165532850163 cin=0 | sum=307347928824 cout=0
[4915.00 ns] PASS: a=468942441605 b=520504543903 cin=0 | sum=989446985508 cout=0
[4925.00 ns] PASS: a=1028861830733 b=114914831227 cin=1 | sum=44265034185 cout=1
[4935.00 ns] PASS: a=906131656534 b=355705205954 cin=1 | sum=162325234713 cout=1
[4945.00 ns] PASS: a=1067131996911 b=413493310909 cin=1 | sum=381113680045 cout=1
[4955.00 ns] PASS: a=695756550406 b=10390095539 cin=1 | sum=706146645946 cout=0
[4965.00 ns] PASS: a=986018709631 b=1033257079266 cin=1 | sum=919764161122 cout=1
[4975.00 ns] PASS: a=166244316317 b=893633957281 cin=0 | sum=1059878273598 cout=0
[4985.00 ns] PASS: a=514841415068 b=157460209811 cin=1 | sum=672301624880 cout=0
[4995.00 ns] PASS: a=1071186583028 b=278203446306 cin=0 | sum=249878401558 cout=1
[5005.00 ns] PASS: a=1034493609194 b=702312077045 cin=0 | sum=637294058463 cout=1
[5015.00 ns] PASS: a=243481132238 b=1048166207085 cin=1 | sum=192135711548 cout=1
[5025.00 ns] PASS: a=230665733016 b=943397666864 cin=1 | sum=74551772105 cout=1
[5035.00 ns] PASS: a=848347974538 b=240222596451 cin=0 | sum=1088570570989 cout=0
[5045.00 ns] PASS: a=95771695238 b=676322549669 cin=0 | sum=772094244907 cout=0
[5055.00 ns] PASS: a=378028440130 b=299320983456 cin=0 | sum=677349423586 cout=0
[5065.00 ns] PASS: a=412209939270 b=918643288192 cin=0 | sum=231341599686 cout=1
[5075.00 ns] PASS: a=460254636682 b=615865763044 cin=0 | sum=1076120399726 cout=0
[5085.00 ns] PASS: a=729412864135 b=522536294216 cin=1 | sum=152437530576 cout=1
[5095.00 ns] PASS: a=277235811636 b=607084519318 cin=0 | sum=884320330954 cout=0
[5105.00 ns] PASS: a=1066465065398 b=171270583448 cin=0 | sum=138224021070 cout=1
[5115.00 ns] PASS: a=668543124161 b=968431333681 cin=1 | sum=537462830067 cout=1
[5125.00 ns] PASS: a=749035048911 b=17475384364 cin=0 | sum=766510433275 cout=0
[5135.00 ns] PASS: a=979565021285 b=883417889236 cin=1 | sum=763471282746 cout=1
[5145.00 ns] PASS: a=405212507576 b=930934067683 cin=0 | sum=236634947483 cout=1
[5155.00 ns] PASS: a=849345834699 b=351076694103 cin=1 | sum=100910901027 cout=1
[5165.00 ns] PASS: a=540693632161 b=567571435113 cin=0 | sum=8753439498 cout=1
[5175.00 ns] PASS: a=594117965053 b=479055796105 cin=1 | sum=1073173761159 cout=0
[5185.00 ns] PASS: a=60125306162 b=264713080734 cin=1 | sum=324838386897 cout=0
[5195.00 ns] PASS: a=864160520472 b=405095423624 cin=1 | sum=169744316321 cout=1
[5205.00 ns] PASS: a=730947809943 b=236648873212 cin=0 | sum=967596683155 cout=0
[5215.00 ns] PASS: a=116410868148 b=802903354706 cin=0 | sum=919314222854 cout=0
[5225.00 ns] PASS: a=722937981102 b=691716392583 cin=1 | sum=315142745910 cout=1
[5235.00 ns] PASS: a=1026460507695 b=1058571443199 cin=1 | sum=985520323119 cout=1
[5245.00 ns] PASS: a=157832373463 b=133539523857 cin=1 | sum=291371897321 cout=0
[5255.00 ns] PASS: a=794189519154 b=600786610754 cin=1 | sum=295464502133 cout=1
[5265.00 ns] PASS: a=229716246840 b=183288720593 cin=0 | sum=413004967433 cout=0
[5275.00 ns] PASS: a=91813804082 b=881868971558 cin=0 | sum=973682775640 cout=0
[5285.00 ns] PASS: a=670074168449 b=1089470359456 cin=1 | sum=660032900130 cout=1
[5295.00 ns] PASS: a=621474241461 b=284958018594 cin=1 | sum=906432260056 cout=0
[5305.00 ns] PASS: a=723491720295 b=1062420179547 cin=1 | sum=686400272067 cout=1
[5315.00 ns] PASS: a=198884857762 b=1023503783926 cin=0 | sum=122877013912 cout=1
[5325.00 ns] PASS: a=171982278508 b=666589624635 cin=1 | sum=838571903144 cout=0
[5335.00 ns] PASS: a=1037672978417 b=1074584165621 cin=0 | sum=1012745516262 cout=1
[5345.00 ns] PASS: a=701761450681 b=611813310754 cin=0 | sum=214063133659 cout=1
[5355.00 ns] PASS: a=1007853571428 b=634704995743 cin=0 | sum=543046939395 cout=1
[5365.00 ns] PASS: a=177570736914 b=343274352679 cin=0 | sum=520845089593 cout=0
[5375.00 ns] PASS: a=672068689724 b=1091282288063 cin=0 | sum=663839350011 cout=1
[5385.00 ns] PASS: a=536395271205 b=507024023027 cin=0 | sum=1043419294232 cout=0
[5395.00 ns] PASS: a=772689406469 b=218743211881 cin=0 | sum=991432618350 cout=0
[5405.00 ns] PASS: a=459165702089 b=808630002857 cin=1 | sum=168284077171 cout=1
[5415.00 ns] PASS: a=406310901994 b=519617684103 cin=0 | sum=925928586097 cout=0
[5425.00 ns] PASS: a=553105137387 b=139992442214 cin=0 | sum=693097579601 cout=0
[5435.00 ns] PASS: a=934382417466 b=934141655002 cin=1 | sum=769012444693 cout=1
[5445.00 ns] PASS: a=588878153779 b=942009204643 cin=0 | sum=431375730646 cout=1
[5455.00 ns] PASS: a=950717004022 b=460818867098 cin=1 | sum=312024243345 cout=1
[5465.00 ns] PASS: a=510156481710 b=49280995591 cin=0 | sum=559437477301 cout=0
[5475.00 ns] PASS: a=66441357483 b=810389774617 cin=0 | sum=876831132100 cout=0
[5485.00 ns] PASS: a=665215832312 b=250648949600 cin=0 | sum=915864781912 cout=0
[5495.00 ns] PASS: a=758094118371 b=979460966418 cin=1 | sum=638043457014 cout=1
[5505.00 ns] PASS: a=444827421124 b=173683896535 cin=0 | sum=618511317659 cout=0
[5515.00 ns] PASS: a=95669320945 b=53616227730 cin=0 | sum=149285548675 cout=0
[5525.00 ns] PASS: a=44769666227 b=568362834604 cin=1 | sum=613132500832 cout=0
[5535.00 ns] PASS: a=768018971106 b=465001622935 cin=1 | sum=133508966266 cout=1
[5545.00 ns] PASS: a=677082438349 b=529329906931 cin=1 | sum=106900717505 cout=1
[5555.00 ns] PASS: a=786959552476 b=46499082203 cin=1 | sum=833458634680 cout=0
[5565.00 ns] PASS: a=835168948266 b=281810858535 cin=1 | sum=17468179026 cout=1
[5575.00 ns] PASS: a=656077040437 b=829166104933 cin=0 | sum=385731517594 cout=1
[5585.00 ns] PASS: a=1002566472835 b=15439192978 cin=1 | sum=1018005665814 cout=0
[5595.00 ns] PASS: a=1065033737466 b=393832496598 cin=1 | sum=359354606289 cout=1
[5605.00 ns] PASS: a=609067715266 b=963799736283 cin=0 | sum=473355823773 cout=1
[5615.00 ns] PASS: a=829507282899 b=846981021327 cin=1 | sum=576976676451 cout=1
[5625.00 ns] PASS: a=179601967569 b=946626387765 cin=0 | sum=26716727558 cout=1
[5635.00 ns] PASS: a=577057225046 b=686456167192 cin=0 | sum=164001764462 cout=1
[5645.00 ns] PASS: a=807472361266 b=1039829040396 cin=0 | sum=747789773886 cout=1
[5655.00 ns] PASS: a=330727956556 b=788682827138 cin=0 | sum=19899155918 cout=1
[5665.00 ns] PASS: a=46089835560 b=704154493210 cin=0 | sum=750244328770 cout=0
[5675.00 ns] PASS: a=519446235005 b=264829001354 cin=0 | sum=784275236359 cout=0
[5685.00 ns] PASS: a=35456135287 b=790590707279 cin=0 | sum=826046842566 cout=0
[5695.00 ns] PASS: a=486869941743 b=697101754572 cin=1 | sum=84460068540 cout=1
[5705.00 ns] PASS: a=48610132493 b=111778163698 cin=1 | sum=160388296192 cout=0
[5715.00 ns] PASS: a=242716598471 b=557371817806 cin=1 | sum=800088416278 cout=0
[5725.00 ns] PASS: a=786470985480 b=962189432287 cin=0 | sum=649148789991 cout=1
[5735.00 ns] PASS: a=45471752235 b=82298858270 cin=0 | sum=127770610505 cout=0
[5745.00 ns] PASS: a=833935472630 b=54301276885 cin=1 | sum=888236749516 cout=0
[5755.00 ns] PASS: a=796620013524 b=1001731167460 cin=0 | sum=698839553208 cout=1
[5765.00 ns] PASS: a=12043833931 b=603127254060 cin=0 | sum=615171087991 cout=0
[5775.00 ns] PASS: a=483139550515 b=62451042960 cin=0 | sum=545590593475 cout=0
[5785.00 ns] PASS: a=426987566935 b=498152861810 cin=0 | sum=925140428745 cout=0
[5795.00 ns] PASS: a=1026549725268 b=810771289741 cin=0 | sum=737809387233 cout=1
[5805.00 ns] PASS: a=785631758920 b=639671323317 cin=0 | sum=325791454461 cout=1
[5815.00 ns] PASS: a=606806665701 b=284366189860 cin=1 | sum=891172855562 cout=0
[5825.00 ns] PASS: a=543032459256 b=928266750602 cin=1 | sum=371787582083 cout=1
[5835.00 ns] PASS: a=542858487820 b=949028494831 cin=0 | sum=392375354875 cout=1
[5845.00 ns] PASS: a=115372711324 b=56840111383 cin=0 | sum=172212822707 cout=0
[5855.00 ns] PASS: a=198487608557 b=535248073358 cin=0 | sum=733735681915 cout=0
[5865.00 ns] PASS: a=35451912074 b=1080611057055 cin=0 | sum=16551341353 cout=1
[5875.00 ns] PASS: a=767082990869 b=949244096763 cin=0 | sum=616815459856 cout=1
[5885.00 ns] PASS: a=76217845680 b=40821173350 cin=1 | sum=117039019031 cout=0
[5895.00 ns] PASS: a=665053184293 b=388577910578 cin=1 | sum=1053631094872 cout=0
[5905.00 ns] PASS: a=671259083641 b=773137276137 cin=0 | sum=344884732002 cout=1
[5915.00 ns] PASS: a=751762154855 b=374212597516 cin=0 | sum=26463124595 cout=1
[5925.00 ns] PASS: a=550128921387 b=693141928123 cin=0 | sum=143759221734 cout=1
[5935.00 ns] PASS: a=413111249728 b=287460242543 cin=0 | sum=700571492271 cout=0
[5945.00 ns] PASS: a=15458197763 b=109112947338 cin=1 | sum=124571145102 cout=0
[5955.00 ns] PASS: a=1004894845847 b=519242497360 cin=0 | sum=424625715431 cout=1
[5965.00 ns] PASS: a=1040807206053 b=211898586383 cin=1 | sum=153194164661 cout=1
[5975.00 ns] PASS: a=506546947751 b=629895248411 cin=0 | sum=36930568386 cout=1
[5985.00 ns] PASS: a=1047202318218 b=967129394178 cin=0 | sum=914820084620 cout=1
[5995.00 ns] PASS: a=921234228445 b=956795907692 cin=0 | sum=778518508361 cout=1
[6005.00 ns] PASS: a=526294845853 b=974520541512 cin=0 | sum=401303759589 cout=1
[6015.00 ns] PASS: a=549466418595 b=110999700814 cin=0 | sum=660466119409 cout=0
[6025.00 ns] PASS: a=89069400359 b=41250152166 cin=1 | sum=130319552526 cout=0
[6035.00 ns] PASS: a=971720930393 b=706637062490 cin=1 | sum=578846365108 cout=1
[6045.00 ns] PASS: a=935065341870 b=472745311889 cin=0 | sum=308299025983 cout=1
[6055.00 ns] PASS: a=461199433917 b=846792960099 cin=1 | sum=208480766241 cout=1
[6065.00 ns] PASS: a=311451116928 b=780348828109 cin=1 | sum=1091799945038 cout=0
[6075.00 ns] PASS: a=704990390166 b=801967104918 cin=1 | sum=407445867309 cout=1
[6085.00 ns] PASS: a=969586350078 b=133194848750 cin=0 | sum=3269571052 cout=1
[6095.00 ns] PASS: a=301067342178 b=681579313212 cin=1 | sum=982646655391 cout=0
[6105.00 ns] PASS: a=188992570076 b=380511434122 cin=1 | sum=569504004199 cout=0
[6115.00 ns] PASS: a=341020921935 b=522753647227 cin=0 | sum=863774569162 cout=0
[6125.00 ns] PASS: a=108648712951 b=110852450576 cin=1 | sum=219501163528 cout=0
[6135.00 ns] PASS: a=321302901707 b=1045344406214 cin=1 | sum=267135680146 cout=1
[6145.00 ns] PASS: a=936766505332 b=102856350369 cin=0 | sum=1039622855701 cout=0
[6155.00 ns] PASS: a=459833687921 b=514942982119 cin=0 | sum=974776670040 cout=0
[6165.00 ns] PASS: a=698018476089 b=937804778854 cin=1 | sum=536311627168 cout=1
[6175.00 ns] PASS: a=239910837276 b=914265756349 cin=1 | sum=54664965850 cout=1
[6185.00 ns] PASS: a=1035996734731 b=461951352563 cin=0 | sum=398436459518 cout=1
[6195.00 ns] PASS: a=846803826018 b=659217260070 cin=1 | sum=406509458313 cout=1
[6205.00 ns] PASS: a=385461276368 b=1097414627701 cin=0 | sum=383364276293 cout=1
[6215.00 ns] PASS: a=984726579915 b=828049128626 cin=0 | sum=713264080765 cout=1
[6225.00 ns] PASS: a=926186754241 b=30017879996 cin=1 | sum=956204634238 cout=0
[6235.00 ns] PASS: a=712111512448 b=446267649806 cin=1 | sum=58867534479 cout=1
[6245.00 ns] PASS: a=264117576098 b=309883663466 cin=1 | sum=574001239565 cout=0
[6255.00 ns] PASS: a=94956555332 b=686852501834 cin=0 | sum=781809057166 cout=0
[6265.00 ns] PASS: a=268675805477 b=1066398530496 cin=0 | sum=235562708197 cout=1
[6275.00 ns] PASS: a=272063515373 b=704902271590 cin=0 | sum=976965786963 cout=0
[6285.00 ns] PASS: a=85868868651 b=955512109037 cin=1 | sum=1041380977689 cout=0
[6295.00 ns] PASS: a=625024208842 b=1043865477320 cin=0 | sum=569378058386 cout=1
[6305.00 ns] PASS: a=981407068298 b=77755044290 cin=0 | sum=1059162112588 cout=0
[6315.00 ns] PASS: a=464216654986 b=126257790860 cin=1 | sum=590474445847 cout=0
[6325.00 ns] PASS: a=313862945645 b=914327512120 cin=1 | sum=128678829990 cout=1
[6335.00 ns] PASS: a=468865898912 b=323648617421 cin=1 | sum=792514516334 cout=0
[6345.00 ns] PASS: a=687693425051 b=594246821685 cin=0 | sum=182428618960 cout=1
[6355.00 ns] PASS: a=659846839873 b=835724506711 cin=0 | sum=396059718808 cout=1
[6365.00 ns] PASS: a=103701249826 b=1020235134567 cin=1 | sum=24424756618 cout=1
[6375.00 ns] PASS: a=730742092905 b=1067680251231 cin=0 | sum=698910716360 cout=1
[6385.00 ns] PASS: a=662782807089 b=968953695030 cin=0 | sum=532224874343 cout=1
[6395.00 ns] PASS: a=1803004296 b=1044897649466 cin=1 | sum=1046700653763 cout=0
[6405.00 ns] PASS: a=1025633822516 b=675828264210 cin=0 | sum=601950458950 cout=1
[6415.00 ns] PASS: a=28139128269 b=15922981416 cin=0 | sum=44062109685 cout=0
[6425.00 ns] PASS: a=932939343972 b=9074313657 cin=0 | sum=942013657629 cout=0
[6435.00 ns] PASS: a=97948276515 b=125684015786 cin=1 | sum=223632292302 cout=0
[6445.00 ns] PASS: a=43400315246 b=352168978202 cin=1 | sum=395569293449 cout=0
[6455.00 ns] PASS: a=64714484317 b=407652526337 cin=0 | sum=472367010654 cout=0
[6465.00 ns] PASS: a=16814248929 b=735454053122 cin=1 | sum=752268302052 cout=0
[6475.00 ns] PASS: a=293229993001 b=573475764162 cin=1 | sum=866705757164 cout=0
[6485.00 ns] PASS: a=451143177076 b=1046101838017 cin=0 | sum=397733387317 cout=1
[6495.00 ns] PASS: a=501034548408 b=390484711598 cin=1 | sum=891519260007 cout=0
[6505.00 ns] PASS: a=417908940155 b=74569718616 cin=0 | sum=492478658771 cout=0
[6515.00 ns] PASS: a=936618843209 b=425272494629 cin=1 | sum=262379710063 cout=1
[6525.00 ns] PASS: a=968039763185 b=727001160445 cin=1 | sum=595529295855 cout=1
[6535.00 ns] PASS: a=693850016751 b=386577073899 cin=1 | sum=1080427090651 cout=0
[6545.00 ns] PASS: a=143264482052 b=823331641077 cin=1 | sum=966596123130 cout=0
[6555.00 ns] PASS: a=281012985166 b=222994226980 cin=0 | sum=504007212146 cout=0
[6565.00 ns] PASS: a=605155864080 b=954316691725 cin=1 | sum=459960928030 cout=1
[6575.00 ns] PASS: a=601047024934 b=852252241064 cin=1 | sum=353787638223 cout=1
[6585.00 ns] PASS: a=965778709854 b=821594125889 cin=0 | sum=687861207967 cout=1
[6595.00 ns] PASS: a=483938568161 b=315217707553 cin=0 | sum=799156275714 cout=0
[6605.00 ns] PASS: a=442592802350 b=566514655309 cin=1 | sum=1009107457660 cout=0
[6615.00 ns] PASS: a=862641034365 b=284445692817 cin=1 | sum=47575099407 cout=1
[6625.00 ns] PASS: a=447290226382 b=1085047989824 cin=0 | sum=432826588430 cout=1
[6635.00 ns] PASS: a=697627130254 b=704127569971 cin=0 | sum=302243072449 cout=1
[6645.00 ns] PASS: a=253827542733 b=650749556295 cin=0 | sum=904577099028 cout=0
[6655.00 ns] PASS: a=977798381870 b=139666163922 cin=1 | sum=17952918017 cout=1
[6665.00 ns] PASS: a=778345201552 b=995207027016 cin=1 | sum=674040600793 cout=1
[6675.00 ns] PASS: a=297021508618 b=13676845835 cin=1 | sum=310698354454 cout=0
[6685.00 ns] PASS: a=810020906699 b=984113568011 cin=0 | sum=694622846934 cout=1
[6695.00 ns] PASS: a=1029631527159 b=84230127897 cin=1 | sum=14350027281 cout=1
[6705.00 ns] PASS: a=268442752176 b=385850006520 cin=1 | sum=654292758697 cout=0
[6715.00 ns] PASS: a=234004985267 b=263925016342 cin=0 | sum=497930001609 cout=0
[6725.00 ns] PASS: a=1030909997524 b=60073414080 cin=0 | sum=1090983411604 cout=0
[6735.00 ns] PASS: a=386385460922 b=159769301467 cin=0 | sum=546154762389 cout=0
[6745.00 ns] PASS: a=496716041496 b=794109901413 cin=1 | sum=191314315134 cout=1
[6755.00 ns] PASS: a=192329033560 b=882409998564 cin=1 | sum=1074739032125 cout=0
[6765.00 ns] PASS: a=908526354454 b=848215056763 cin=1 | sum=657229783442 cout=1
[6775.00 ns] PASS: a=13370912866 b=1012718281691 cin=0 | sum=1026089194557 cout=0
[6785.00 ns] PASS: a=560008020198 b=402051860887 cin=0 | sum=962059881085 cout=0
[6795.00 ns] PASS: a=485597334331 b=746414892488 cin=0 | sum=132500599043 cout=1
[6805.00 ns] PASS: a=242237481524 b=419005616207 cin=0 | sum=661243097731 cout=0
[6815.00 ns] PASS: a=612738062345 b=1068705317609 cin=1 | sum=581931752179 cout=1
[6825.00 ns] PASS: a=409576374016 b=236189575476 cin=1 | sum=645765949493 cout=0
[6835.00 ns] PASS: a=929350945108 b=439563426752 cin=0 | sum=269402744084 cout=1
[6845.00 ns] PASS: a=1041019489661 b=625787242149 cin=1 | sum=567295104035 cout=1
[6855.00 ns] PASS: a=1064819268697 b=614904671975 cin=0 | sum=580212312896 cout=1
[6865.00 ns] PASS: a=15077680362 b=720615592315 cin=0 | sum=735693272677 cout=0
[6875.00 ns] PASS: a=1011373896920 b=436873499800 cin=1 | sum=348735768945 cout=1
[6885.00 ns] PASS: a=225817900126 b=459044008143 cin=0 | sum=684861908269 cout=0
[6895.00 ns] PASS: a=442040165424 b=677994566162 cin=1 | sum=20523103811 cout=1
[6905.00 ns] PASS: a=1045560970455 b=788795949428 cin=0 | sum=734845292107 cout=1
[6915.00 ns] PASS: a=436021315321 b=615133366346 cin=1 | sum=1051154681668 cout=0
[6925.00 ns] PASS: a=232718911252 b=725466729688 cin=0 | sum=958185640940 cout=0
[6935.00 ns] PASS: a=290709504391 b=994958819455 cin=0 | sum=186156696070 cout=1
[6945.00 ns] PASS: a=18350540286 b=449251631461 cin=1 | sum=467602171748 cout=0
[6955.00 ns] PASS: a=962686225136 b=103972074153 cin=0 | sum=1066658299289 cout=0
[6965.00 ns] PASS: a=108470743206 b=216074236574 cin=1 | sum=324544979781 cout=0
[6975.00 ns] PASS: a=594715031444 b=551996499172 cin=1 | sum=47199902841 cout=1
[6985.00 ns] PASS: a=406336211759 b=439559171464 cin=1 | sum=845895383224 cout=0
[6995.00 ns] PASS: a=890084007737 b=621902512191 cin=0 | sum=412474892152 cout=1
[7005.00 ns] PASS: a=60093637651 b=957662250530 cin=1 | sum=1017755888182 cout=0
[7015.00 ns] PASS: a=417027891246 b=538400587417 cin=1 | sum=955428478664 cout=0
[7025.00 ns] PASS: a=820060122022 b=981189459195 cin=1 | sum=701737953442 cout=1
[7035.00 ns] PASS: a=750761144350 b=271632496243 cin=0 | sum=1022393640593 cout=0
[7045.00 ns] PASS: a=760700685768 b=513338345503 cin=1 | sum=174527403496 cout=1
[7055.00 ns] PASS: a=992824620146 b=1014330905822 cin=1 | sum=907643898193 cout=1
[7065.00 ns] PASS: a=4721449503 b=841035757816 cin=1 | sum=845757207320 cout=0
[7075.00 ns] PASS: a=519164333942 b=774070459119 cin=0 | sum=193723165285 cout=1
[7085.00 ns] PASS: a=799906397526 b=1082995882202 cin=1 | sum=783390651953 cout=1
[7095.00 ns] PASS: a=336591502500 b=11820581726 cin=1 | sum=348412084227 cout=0
[7105.00 ns] PASS: a=956723140139 b=1053978843207 cin=1 | sum=911190355571 cout=1
[7115.00 ns] PASS: a=386702970287 b=654577229376 cin=1 | sum=1041280199664 cout=0
[7125.00 ns] PASS: a=923435785057 b=184844157241 cin=1 | sum=8768314523 cout=1
[7135.00 ns] PASS: a=193374628695 b=639156241396 cin=0 | sum=832530870091 cout=0
[7145.00 ns] PASS: a=1045928092611 b=144475648752 cin=1 | sum=90892113588 cout=1
[7155.00 ns] PASS: a=718607366154 b=860626537919 cin=0 | sum=479722276297 cout=1
[7165.00 ns] PASS: a=914246221787 b=266511406614 cin=1 | sum=81246000626 cout=1
[7175.00 ns] PASS: a=68308707280 b=865976179118 cin=1 | sum=934284886399 cout=0
[7185.00 ns] PASS: a=13196739866 b=586858725942 cin=0 | sum=600055465808 cout=0
[7195.00 ns] PASS: a=53751717926 b=696407363760 cin=0 | sum=750159081686 cout=0
[7205.00 ns] PASS: a=1092724030578 b=1051250428374 cin=1 | sum=1044462831177 cout=1
[7215.00 ns] PASS: a=344200219560 b=60323643663 cin=1 | sum=404523863224 cout=0
[7225.00 ns] PASS: a=544627059383 b=169791447232 cin=0 | sum=714418506615 cout=0
[7235.00 ns] PASS: a=20599738560 b=686381741225 cin=1 | sum=706981479786 cout=0
[7245.00 ns] PASS: a=861344870215 b=914755076149 cin=1 | sum=676588318589 cout=1
[7255.00 ns] PASS: a=178236020657 b=320761366937 cin=1 | sum=498997387595 cout=0
[7265.00 ns] PASS: a=285856370115 b=130022334233 cin=0 | sum=415878704348 cout=0
[7275.00 ns] PASS: a=613889266616 b=152016407862 cin=0 | sum=765905674478 cout=0
[7285.00 ns] PASS: a=735903085025 b=746826381412 cin=1 | sum=383217838662 cout=1
[7295.00 ns] PASS: a=44058338331 b=359474052235 cin=0 | sum=403532390566 cout=0
[7305.00 ns] PASS: a=690352236703 b=345176014939 cin=1 | sum=1035528251643 cout=0
[7315.00 ns] PASS: a=128795045208 b=623956093626 cin=1 | sum=752751138835 cout=0
[7325.00 ns] PASS: a=356155586657 b=418307613015 cin=1 | sum=774463199673 cout=0
[7335.00 ns] PASS: a=171990863832 b=687384818919 cin=1 | sum=859375682752 cout=0
[7345.00 ns] PASS: a=699499823547 b=327440118567 cin=0 | sum=1026939942114 cout=0
[7355.00 ns] PASS: a=895234846929 b=697217428633 cin=0 | sum=492940647786 cout=1
[7365.00 ns] PASS: a=1065081140471 b=975408360536 cin=1 | sum=940977873232 cout=1
[7375.00 ns] PASS: a=374358815548 b=279150759096 cin=0 | sum=653509574644 cout=0
[7385.00 ns] PASS: a=599677598882 b=462697306841 cin=1 | sum=1062374905724 cout=0
[7395.00 ns] PASS: a=979967857158 b=1060964381332 cin=0 | sum=941420610714 cout=1
[7405.00 ns] PASS: a=35693646741 b=545728025055 cin=0 | sum=581421671796 cout=0
[7415.00 ns] PASS: a=113691056617 b=47806170002 cin=1 | sum=161497226620 cout=0
[7425.00 ns] PASS: a=687346705754 b=256982203642 cin=0 | sum=944328909396 cout=0
[7435.00 ns] PASS: a=443856935053 b=1021898289523 cin=0 | sum=366243596800 cout=1
[7445.00 ns] PASS: a=62908342755 b=383401491622 cin=0 | sum=446309834377 cout=0
[7455.00 ns] PASS: a=1063013844970 b=105834185305 cin=1 | sum=69336402500 cout=1
[7465.00 ns] PASS: a=166942894571 b=121383626485 cin=0 | sum=288326521056 cout=0
[7475.00 ns] PASS: a=204436871155 b=762213215978 cin=1 | sum=966650087134 cout=0
[7485.00 ns] PASS: a=890177927027 b=244693143288 cin=0 | sum=35359442539 cout=1
[7495.00 ns] PASS: a=70653939229 b=477494779974 cin=1 | sum=548148719204 cout=0
[7505.00 ns] PASS: a=737735226941 b=172040314893 cin=0 | sum=909775541834 cout=0
[7515.00 ns] PASS: a=44087185728 b=636165269685 cin=1 | sum=680252455414 cout=0
[7525.00 ns] PASS: a=771505156662 b=574797772362 cin=1 | sum=246791301249 cout=1
[7535.00 ns] PASS: a=1034912739799 b=430820648 cin=1 | sum=1035343560448 cout=0
[7545.00 ns] PASS: a=592649807399 b=384685718415 cin=1 | sum=977335525815 cout=0
[7555.00 ns] PASS: a=235983430075 b=692610640646 cin=1 | sum=928594070722 cout=0
[7565.00 ns] PASS: a=431284394798 b=617720398093 cin=1 | sum=1049004792892 cout=0
[7575.00 ns] PASS: a=701154405315 b=908584551656 cin=1 | sum=510227329196 cout=1
[7585.00 ns] PASS: a=728522310084 b=991524577093 cin=1 | sum=620535259402 cout=1
[7595.00 ns] PASS: a=87984612079 b=465367767586 cin=0 | sum=553352379665 cout=0
[7605.00 ns] PASS: a=795157383012 b=75426261699 cin=0 | sum=870583644711 cout=0
[7615.00 ns] PASS: a=44515574283 b=557478752336 cin=0 | sum=601994326619 cout=0
[7625.00 ns] PASS: a=574578980873 b=1021730951723 cin=1 | sum=496798304821 cout=1
[7635.00 ns] PASS: a=108250161134 b=194686268230 cin=0 | sum=302936429364 cout=0
[7645.00 ns] PASS: a=915035932957 b=1052336214608 cin=0 | sum=867860519789 cout=1
[7655.00 ns] PASS: a=472232739259 b=976338409228 cin=1 | sum=349059520712 cout=1
[7665.00 ns] PASS: a=484703996822 b=375839729509 cin=0 | sum=860543726331 cout=0
[7675.00 ns] PASS: a=22394012629 b=62424680655 cin=1 | sum=84818693285 cout=0
[7685.00 ns] PASS: a=597837743433 b=386790444690 cin=1 | sum=984628188124 cout=0
[7695.00 ns] PASS: a=350601796450 b=43881989873 cin=0 | sum=394483786323 cout=0
[7705.00 ns] PASS: a=115537569225 b=1068555311472 cin=1 | sum=84581252922 cout=1
[7715.00 ns] PASS: a=374277465487 b=832224918938 cin=0 | sum=106990756649 cout=1
[7725.00 ns] PASS: a=22471491901 b=914070738228 cin=0 | sum=936542230129 cout=0
[7735.00 ns] PASS: a=602005513978 b=477087814781 cin=0 | sum=1079093328759 cout=0
[7745.00 ns] PASS: a=335967405080 b=1062966995351 cin=1 | sum=299422772656 cout=1
[7755.00 ns] PASS: a=2596361438 b=366392853417 cin=0 | sum=368989214855 cout=0
[7765.00 ns] PASS: a=712379153570 b=1049572304831 cin=1 | sum=662439830626 cout=1
[7775.00 ns] PASS: a=649192690441 b=463439796384 cin=0 | sum=13120859049 cout=1
[7785.00 ns] PASS: a=1099468469152 b=471213316010 cin=1 | sum=471170157387 cout=1
[7795.00 ns] PASS: a=379255114904 b=318597767688 cin=1 | sum=697852882593 cout=0
[7805.00 ns] PASS: a=188161797037 b=35401284338 cin=1 | sum=223563081376 cout=0
[7815.00 ns] PASS: a=151711531785 b=1003687759801 cin=0 | sum=55887663810 cout=1
[7825.00 ns] PASS: a=561272950522 b=351052482026 cin=1 | sum=912325432549 cout=0
[7835.00 ns] PASS: a=338746781231 b=974975796719 cin=0 | sum=214210950174 cout=1
[7845.00 ns] PASS: a=104946623888 b=155216464980 cin=0 | sum=260163088868 cout=0
[7855.00 ns] PASS: a=1029222572293 b=391861878244 cin=1 | sum=321572822762 cout=1
[7865.00 ns] PASS: a=128571814478 b=634242555208 cin=1 | sum=762814369687 cout=0
[7875.00 ns] PASS: a=982303648372 b=809496060713 cin=1 | sum=692288081310 cout=1
[7885.00 ns] PASS: a=357218966321 b=419229751816 cin=1 | sum=776448718138 cout=0
[7895.00 ns] PASS: a=934205859461 b=1013359328371 cin=1 | sum=848053560057 cout=1
[7905.00 ns] PASS: a=829946878379 b=581967070671 cin=0 | sum=312402321274 cout=1
[7915.00 ns] PASS: a=938753997724 b=676747814836 cin=1 | sum=515990184785 cout=1
[7925.00 ns] PASS: a=51053472281 b=429511569632 cin=1 | sum=480565041914 cout=0
[7935.00 ns] PASS: a=219818991788 b=1041220555962 cin=0 | sum=161527919974 cout=1
[7945.00 ns] PASS: a=88391015829 b=572648752990 cin=1 | sum=661039768820 cout=0
[7955.00 ns] PASS: a=726587135107 b=608997033641 cin=1 | sum=236072540973 cout=1
[7965.00 ns] PASS: a=946599616431 b=153286345909 cin=1 | sum=374334565 cout=1
[7975.00 ns] PASS: a=381825053600 b=748603345935 cin=1 | sum=30916771760 cout=1
[7985.00 ns] PASS: a=767424610783 b=888959362715 cin=0 | sum=556872345722 cout=1
[7995.00 ns] PASS: a=769533421872 b=181197610591 cin=0 | sum=950731032463 cout=0
[8005.00 ns] PASS: a=230176702631 b=975598077686 cin=1 | sum=106263152542 cout=1
[8015.00 ns] PASS: a=548968767786 b=208560653585 cin=1 | sum=757529421372 cout=0
[8025.00 ns] PASS: a=778946562747 b=765824225829 cin=1 | sum=445259160801 cout=1
[8035.00 ns] PASS: a=796861936794 b=243893517771 cin=0 | sum=1040755454565 cout=0
[8045.00 ns] PASS: a=1067280804021 b=572870684543 cin=0 | sum=540639860788 cout=1
[8055.00 ns] PASS: a=892306167454 b=638304344617 cin=1 | sum=431098884296 cout=1
[8065.00 ns] PASS: a=489940749328 b=1032907617288 cin=1 | sum=423336738841 cout=1
[8075.00 ns] PASS: a=611185844138 b=517223042346 cin=1 | sum=28897258709 cout=1
[8085.00 ns] PASS: a=425864124038 b=16886328235 cin=1 | sum=442750452274 cout=0
[8095.00 ns] PASS: a=771283502589 b=505584473423 cin=0 | sum=177356348236 cout=1
[8105.00 ns] PASS: a=579657623308 b=403371522934 cin=1 | sum=983029146243 cout=0
[8115.00 ns] PASS: a=45872147840 b=803965181411 cin=1 | sum=849837329252 cout=0
[8125.00 ns] PASS: a=207450322929 b=230092711853 cin=0 | sum=437543034782 cout=0
[8135.00 ns] PASS: a=481594396249 b=685881223439 cin=1 | sum=67963991913 cout=1
[8145.00 ns] PASS: a=73395939834 b=864124433076 cin=1 | sum=937520372911 cout=0
[8155.00 ns] PASS: a=282268406010 b=236687795622 cin=1 | sum=518956201633 cout=0
[8165.00 ns] PASS: a=1066411199082 b=933619492380 cin=1 | sum=900519063687 cout=1
[8175.00 ns] PASS: a=1055267207034 b=30653746891 cin=1 | sum=1085920953926 cout=0
[8185.00 ns] PASS: a=279179511381 b=130984293715 cin=0 | sum=410163805096 cout=0
[8195.00 ns] PASS: a=1048367452018 b=108365392089 cin=1 | sum=57221216332 cout=1
[8205.00 ns] PASS: a=949585011639 b=910329469389 cin=1 | sum=760402853253 cout=1
[8215.00 ns] PASS: a=1040986539199 b=1068003388994 cin=0 | sum=1009478300417 cout=1
[8225.00 ns] PASS: a=82999365917 b=868889844384 cin=0 | sum=951889210301 cout=0
[8235.00 ns] PASS: a=312846914760 b=392505727029 cin=0 | sum=705352641789 cout=0
[8245.00 ns] PASS: a=450528573159 b=761869923813 cin=0 | sum=112886869196 cout=1
[8255.00 ns] PASS: a=190802207558 b=614622065233 cin=0 | sum=805424272791 cout=0
[8265.00 ns] PASS: a=366175764842 b=408369932382 cin=0 | sum=774545697224 cout=0
[8275.00 ns] PASS: a=789022350496 b=928582559149 cin=1 | sum=618093281870 cout=1
[8285.00 ns] PASS: a=756537469311 b=488737417263 cin=0 | sum=145763258798 cout=1
[8295.00 ns] PASS: a=71969437519 b=454379351801 cin=0 | sum=526348789320 cout=0
[8305.00 ns] PASS: a=1033843024191 b=521009979827 cin=0 | sum=455341376242 cout=1
[8315.00 ns] PASS: a=295872206061 b=686759498895 cin=0 | sum=982631704956 cout=0
[8325.00 ns] PASS: a=810471443703 b=580072403371 cin=1 | sum=291032219299 cout=1
[8335.00 ns] PASS: a=577642663133 b=668916890785 cin=1 | sum=147047926143 cout=1
[8345.00 ns] PASS: a=432138200225 b=964065101407 cin=0 | sum=296691673856 cout=1
[8355.00 ns] PASS: a=1041505918382 b=567662053613 cin=0 | sum=509656344219 cout=1
[8365.00 ns] PASS: a=185637474405 b=115020599656 cin=1 | sum=300658074062 cout=0
[8375.00 ns] PASS: a=36947701663 b=979218066589 cin=0 | sum=1016165768252 cout=0
[8385.00 ns] PASS: a=639873735400 b=1030584292916 cin=0 | sum=570946400540 cout=1
[8395.00 ns] PASS: a=511660362231 b=1087207660094 cin=1 | sum=499356394550 cout=1
[8405.00 ns] PASS: a=79835856503 b=611419665811 cin=0 | sum=691255522314 cout=0
[8415.00 ns] PASS: a=1049365573134 b=130102328048 cin=1 | sum=79956273407 cout=1
[8425.00 ns] PASS: a=838504640085 b=226037738691 cin=1 | sum=1064542378777 cout=0
[8435.00 ns] PASS: a=195677980212 b=187528031553 cin=1 | sum=383206011766 cout=0
[8445.00 ns] PASS: a=161030052775 b=309251991248 cin=1 | sum=470282044024 cout=0
[8455.00 ns] PASS: a=131157150680 b=1071205261646 cin=1 | sum=102850784551 cout=1
[8465.00 ns] PASS: a=962062591460 b=384598870355 cin=0 | sum=247149834039 cout=1
[8475.00 ns] PASS: a=315090831273 b=239593806114 cin=0 | sum=554684637387 cout=0
[8485.00 ns] PASS: a=112153098411 b=746543391177 cin=1 | sum=858696489589 cout=0
[8495.00 ns] PASS: a=728317568893 b=1010716716901 cin=1 | sum=639522658019 cout=1
[8505.00 ns] PASS: a=1094933912932 b=283869107992 cin=0 | sum=279291393148 cout=1
[8515.00 ns] PASS: a=347547969854 b=961756060640 cin=0 | sum=209792402718 cout=1
[8525.00 ns] PASS: a=319829757226 b=464277984005 cin=1 | sum=784107741232 cout=0
[8535.00 ns] PASS: a=101600204600 b=428822793309 cin=1 | sum=530422997910 cout=0
[8545.00 ns] PASS: a=164658341829 b=514733328801 cin=0 | sum=679391670630 cout=0
[8555.00 ns] PASS: a=858321672569 b=352098017773 cin=1 | sum=110908062567 cout=1
[8565.00 ns] PASS: a=660433596085 b=1089250928890 cin=0 | sum=650172897199 cout=1
[8575.00 ns] PASS: a=681901768992 b=268292015517 cin=0 | sum=950193784509 cout=0
[8585.00 ns] PASS: a=352130600881 b=850337030546 cin=1 | sum=102956003652 cout=1
[8595.00 ns] PASS: a=180344159692 b=236904146200 cin=1 | sum=417248305893 cout=0
[8605.00 ns] PASS: a=654176401398 b=452545146982 cin=0 | sum=7209920604 cout=1
[8615.00 ns] PASS: a=818804126351 b=533832240848 cin=0 | sum=253124739423 cout=1
[8625.00 ns] PASS: a=756980263518 b=140675575187 cin=1 | sum=897655838706 cout=0
[8635.00 ns] PASS: a=129375727377 b=86458066600 cin=1 | sum=215833793978 cout=0
[8645.00 ns] PASS: a=1006704899106 b=332741799642 cin=0 | sum=239935070972 cout=1
[8655.00 ns] PASS: a=74628758211 b=225783666472 cin=0 | sum=300412424683 cout=0
[8665.00 ns] PASS: a=204632813730 b=878456478600 cin=1 | sum=1083089292331 cout=0
[8675.00 ns] PASS: a=1008048108371 b=884926744777 cin=1 | sum=793463225373 cout=1
[8685.00 ns] PASS: a=980840751797 b=109111898008 cin=0 | sum=1089952649805 cout=0
[8695.00 ns] PASS: a=421627366595 b=849996142562 cin=0 | sum=172111881381 cout=1
[8705.00 ns] PASS: a=251134906952 b=808238149123 cin=0 | sum=1059373056075 cout=0
[8715.00 ns] PASS: a=158012184783 b=602480511789 cin=0 | sum=760492696572 cout=0
[8725.00 ns] PASS: a=516636059486 b=681002989215 cin=0 | sum=98127420925 cout=1
[8735.00 ns] PASS: a=8017194116 b=338931826698 cin=1 | sum=346949020815 cout=0
[8745.00 ns] PASS: a=824192120739 b=250170092024 cin=1 | sum=1074362212764 cout=0
[8755.00 ns] PASS: a=728985343546 b=840669261547 cin=0 | sum=470142977317 cout=1
[8765.00 ns] PASS: a=359609186871 b=856446619140 cin=1 | sum=116544178236 cout=1
[8775.00 ns] PASS: a=365762210637 b=415500198272 cin=0 | sum=781262408909 cout=0
[8785.00 ns] PASS: a=502174573921 b=861828255919 cin=1 | sum=264491202065 cout=1
[8795.00 ns] PASS: a=897644598341 b=599813670314 cin=1 | sum=397946640880 cout=1
[8805.00 ns] PASS: a=300508392506 b=718187880836 cin=0 | sum=1018696273342 cout=0
[8815.00 ns] PASS: a=772792481624 b=1035410047803 cin=1 | sum=708690901652 cout=1
[8825.00 ns] PASS: a=390486341282 b=306047973887 cin=1 | sum=696534315170 cout=0
[8835.00 ns] PASS: a=960294519902 b=238409740292 cin=0 | sum=99192632418 cout=1
[8845.00 ns] PASS: a=968575046641 b=776688344151 cin=0 | sum=645751763016 cout=1
[8855.00 ns] PASS: a=480690422457 b=641026276557 cin=0 | sum=22205071238 cout=1
[8865.00 ns] PASS: a=560370721096 b=372333552313 cin=0 | sum=932704273409 cout=0
[8875.00 ns] PASS: a=814949066937 b=161207865124 cin=0 | sum=976156932061 cout=0
[8885.00 ns] PASS: a=441358202477 b=352371064135 cin=1 | sum=793729266613 cout=0
[8895.00 ns] PASS: a=211845137796 b=1001363570471 cin=0 | sum=113697080491 cout=1
[8905.00 ns] PASS: a=66310355089 b=1087141725026 cin=1 | sum=53940452340 cout=1
[8915.00 ns] PASS: a=1003476758927 b=901956218290 cin=1 | sum=805921349442 cout=1
[8925.00 ns] PASS: a=957402071162 b=633934927105 cin=0 | sum=491825370491 cout=1
[8935.00 ns] PASS: a=589960290090 b=344041139871 cin=0 | sum=934001429961 cout=0
[8945.00 ns] PASS: a=534087016931 b=598959768357 cin=1 | sum=33535157513 cout=1
[8955.00 ns] PASS: a=735657366438 b=211194438642 cin=1 | sum=946851805081 cout=0
[8965.00 ns] PASS: a=572398527504 b=263526310571 cin=0 | sum=835924838075 cout=0
[8975.00 ns] PASS: a=848408025892 b=969598956079 cin=0 | sum=718495354195 cout=1
[8985.00 ns] PASS: a=134482243559 b=811726773000 cin=0 | sum=946209016559 cout=0
[8995.00 ns] PASS: a=596375927825 b=267344018216 cin=1 | sum=863719946042 cout=0
[9005.00 ns] PASS: a=463887379981 b=52380811958 cin=0 | sum=516268191939 cout=0
[9015.00 ns] PASS: a=13396958419 b=687374605311 cin=0 | sum=700771563730 cout=0
[9025.00 ns] PASS: a=1025489786841 b=133824626013 cin=0 | sum=59802785078 cout=1
[9035.00 ns] PASS: a=1094173787449 b=885536117822 cin=1 | sum=880198277496 cout=1
[9045.00 ns] PASS: a=404991092769 b=250780148726 cin=1 | sum=655771241496 cout=0
[9055.00 ns] PASS: a=565755852455 b=1021341323046 cin=0 | sum=487585547725 cout=1
[9065.00 ns] PASS: a=558061942047 b=786865689980 cin=1 | sum=245416004252 cout=1
[9075.00 ns] PASS: a=441778966812 b=732301301160 cin=0 | sum=74568640196 cout=1
[9085.00 ns] PASS: a=9606535946 b=260211177200 cin=0 | sum=269817713146 cout=0
[9095.00 ns] PASS: a=268989263999 b=252260533932 cin=1 | sum=521249797932 cout=0
[9105.00 ns] PASS: a=383852351256 b=962923983792 cin=1 | sum=247264707273 cout=1
[9115.00 ns] PASS: a=262269168853 b=946778465416 cin=0 | sum=109536006493 cout=1
[9125.00 ns] PASS: a=286998267137 b=889365597044 cin=1 | sum=76852236406 cout=1
[9135.00 ns] PASS: a=808595325265 b=1377788372 cin=1 | sum=809973113638 cout=0
[9145.00 ns] PASS: a=408628073783 b=498550274416 cin=1 | sum=907178348200 cout=0
[9155.00 ns] PASS: a=585908789597 b=309558193422 cin=1 | sum=895466983020 cout=0
[9165.00 ns] PASS: a=1016337062004 b=221804810348 cin=1 | sum=138630244577 cout=1
[9175.00 ns] PASS: a=153676316682 b=1048812673433 cin=0 | sum=102977362339 cout=1
[9185.00 ns] PASS: a=756909000017 b=203668445647 cin=0 | sum=960577445664 cout=0
[9195.00 ns] PASS: a=632439395728 b=546340929058 cin=0 | sum=79268697010 cout=1
[9205.00 ns] PASS: a=651880290038 b=787239987699 cin=1 | sum=339608649962 cout=1
[9215.00 ns] PASS: a=603466813368 b=510082007926 cin=1 | sum=14037193519 cout=1
[9225.00 ns] PASS: a=650137219123 b=345359155765 cin=0 | sum=995496374888 cout=0
[9235.00 ns] PASS: a=956048303474 b=894600002629 cin=1 | sum=751136678328 cout=1
[9245.00 ns] PASS: a=859163565172 b=503221129640 cin=1 | sum=262873067037 cout=1
[9255.00 ns] PASS: a=662423096038 b=323092759915 cin=1 | sum=985515855954 cout=0
[9265.00 ns] PASS: a=943288553591 b=557715586895 cin=0 | sum=401492512710 cout=1
[9275.00 ns] PASS: a=353208898227 b=691350843316 cin=1 | sum=1044559741544 cout=0
[9285.00 ns] PASS: a=370931543722 b=411825501509 cin=0 | sum=782757045231 cout=0
[9295.00 ns] PASS: a=331968803399 b=601502424892 cin=0 | sum=933471228291 cout=0
[9305.00 ns] PASS: a=260380223383 b=1070000747077 cin=1 | sum=230869342685 cout=1
[9315.00 ns] PASS: a=790400529009 b=1078054072783 cin=0 | sum=768942974016 cout=1
[9325.00 ns] PASS: a=47894373589 b=529730176875 cin=0 | sum=577624550464 cout=0
[9335.00 ns] PASS: a=85807555223 b=955400645884 cin=1 | sum=1041208201108 cout=0
[9345.00 ns] PASS: a=244656149827 b=960886975019 cin=1 | sum=106031497071 cout=1
[9355.00 ns] PASS: a=461686996030 b=460288687546 cin=1 | sum=921975683577 cout=0
[9365.00 ns] PASS: a=598292937641 b=456912942785 cin=1 | sum=1055205880427 cout=0
[9375.00 ns] PASS: a=142539593151 b=976527050442 cin=1 | sum=19555015818 cout=1
[9385.00 ns] PASS: a=80689028336 b=1041199576505 cin=0 | sum=22376977065 cout=1
[9395.00 ns] PASS: a=332558458466 b=39080912962 cin=1 | sum=371639371429 cout=0
[9405.00 ns] PASS: a=526700571014 b=203854004029 cin=0 | sum=730554575043 cout=0
[9415.00 ns] PASS: a=5699056439 b=1034997539291 cin=0 | sum=1040696595730 cout=0
[9425.00 ns] PASS: a=92669644211 b=442529743167 cin=0 | sum=535199387378 cout=0
[9435.00 ns] PASS: a=1062507150177 b=905817981698 cin=1 | sum=868813504100 cout=1
[9445.00 ns] PASS: a=935257425639 b=201162787266 cin=0 | sum=36908585129 cout=1
[9455.00 ns] PASS: a=464926274481 b=4726068921 cin=0 | sum=469652343402 cout=0
[9465.00 ns] PASS: a=91955576908 b=82330506451 cin=1 | sum=174286083360 cout=0
[9475.00 ns] PASS: a=228463391936 b=256164851397 cin=1 | sum=484628243334 cout=0
[9485.00 ns] PASS: a=762195795739 b=491922116075 cin=1 | sum=154606284039 cout=1
[9495.00 ns] PASS: a=386640763891 b=1007175397577 cin=1 | sum=294304533693 cout=1
[9505.00 ns] PASS: a=239845891974 b=866114291405 cin=1 | sum=6448555604 cout=1
[9515.00 ns] PASS: a=765548357380 b=35577028911 cin=1 | sum=801125386292 cout=0
[9525.00 ns] PASS: a=1050050903352 b=225632250406 cin=0 | sum=176171525982 cout=1
[9535.00 ns] PASS: a=376834511621 b=891456793363 cin=1 | sum=168779677209 cout=1
[9545.00 ns] PASS: a=1043196669630 b=28108846709 cin=0 | sum=1071305516339 cout=0
[9555.00 ns] PASS: a=1031832582908 b=388955316631 cin=1 | sum=321276271764 cout=1
[9565.00 ns] PASS: a=688898066764 b=661002233349 cin=0 | sum=250388672337 cout=1
[9575.00 ns] PASS: a=111086360460 b=920954486334 cin=0 | sum=1032040846794 cout=0
[9585.00 ns] PASS: a=371467535041 b=874996474619 cin=1 | sum=146952381885 cout=1
[9595.00 ns] PASS: a=532353396801 b=31348359480 cin=0 | sum=563701756281 cout=0
[9605.00 ns] PASS: a=161125222870 b=809717781200 cin=1 | sum=970843004071 cout=0
[9615.00 ns] PASS: a=339756603510 b=116540269529 cin=0 | sum=456296873039 cout=0
[9625.00 ns] PASS: a=602600972507 b=874099356328 cin=1 | sum=377188701060 cout=1
[9635.00 ns] PASS: a=401514366202 b=201580089993 cin=1 | sum=603094456196 cout=0
[9645.00 ns] PASS: a=37247688053 b=1017536937567 cin=1 | sum=1054784625621 cout=0
[9655.00 ns] PASS: a=806694778071 b=984521749218 cin=0 | sum=691704899513 cout=1
[9665.00 ns] PASS: a=679967586349 b=850671894099 cin=1 | sum=431127852673 cout=1
[9675.00 ns] PASS: a=917530238692 b=45266215913 cin=1 | sum=962796454606 cout=0
[9685.00 ns] PASS: a=866645639391 b=237390212135 cin=0 | sum=4524223750 cout=1
[9695.00 ns] PASS: a=567554156307 b=104716614017 cin=0 | sum=672270770324 cout=0
[9705.00 ns] PASS: a=523578059072 b=224699512086 cin=1 | sum=748277571159 cout=0
[9715.00 ns] PASS: a=292867955090 b=31343460735 cin=0 | sum=324211415825 cout=0
[9725.00 ns] PASS: a=9010378004 b=167009470611 cin=0 | sum=176019848615 cout=0
[9735.00 ns] PASS: a=847446810429 b=1007085221908 cin=1 | sum=755020404562 cout=1
[9745.00 ns] PASS: a=210071162839 b=165567884354 cin=0 | sum=375639047193 cout=0
[9755.00 ns] PASS: a=448472047090 b=87677190752 cin=0 | sum=536149237842 cout=0
[9765.00 ns] PASS: a=902798219732 b=874113157781 cin=1 | sum=677399749738 cout=1
[9775.00 ns] PASS: a=456463241407 b=936352866672 cin=1 | sum=293304480304 cout=1
[9785.00 ns] PASS: a=559563686665 b=455680765840 cin=0 | sum=1015244452505 cout=0
[9795.00 ns] PASS: a=881782449937 b=243143615731 cin=1 | sum=25414437893 cout=1
[9805.00 ns] PASS: a=520744898639 b=1070118680445 cin=0 | sum=491351951308 cout=1
[9815.00 ns] PASS: a=262025606972 b=949450458214 cin=1 | sum=111964437411 cout=1
[9825.00 ns] PASS: a=682955456399 b=1024783132058 cin=1 | sum=608226960682 cout=1
[9835.00 ns] PASS: a=556698867743 b=447175671442 cin=1 | sum=1003874539186 cout=0
[9845.00 ns] PASS: a=292308564507 b=905564290313 cin=0 | sum=98361227044 cout=1
[9855.00 ns] PASS: a=255743399602 b=941486719621 cin=1 | sum=97718491448 cout=1
[9865.00 ns] PASS: a=171164299355 b=441168305289 cin=0 | sum=612332604644 cout=0
[9875.00 ns] PASS: a=31356274613 b=652470420082 cin=1 | sum=683826694696 cout=0
[9885.00 ns] PASS: a=742024996971 b=581280945597 cin=0 | sum=223794314792 cout=1
[9895.00 ns] PASS: a=194740566756 b=386627876895 cin=0 | sum=581368443651 cout=0
[9905.00 ns] PASS: a=499956074858 b=212047794960 cin=1 | sum=712003869819 cout=0
[9915.00 ns] PASS: a=607493481558 b=63756723140 cin=1 | sum=671250204699 cout=0
[9925.00 ns] PASS: a=794849136510 b=394253249397 cin=1 | sum=89590758132 cout=1
[9935.00 ns] PASS: a=497982798327 b=518681213326 cin=0 | sum=1016664011653 cout=0
[9945.00 ns] PASS: a=107927922907 b=519730696601 cin=1 | sum=627658619509 cout=0
[9955.00 ns] PASS: a=422277830196 b=1091115161372 cin=0 | sum=413881363792 cout=1
[9965.00 ns] PASS: a=746318123605 b=1000909483065 cin=0 | sum=647715978894 cout=1
[9975.00 ns] PASS: a=152634326619 b=133530716599 cin=1 | sum=286165043219 cout=0
[9985.00 ns] PASS: a=730574549568 b=665364522942 cin=0 | sum=296427444734 cout=1
[9995.00 ns] PASS: a=698274923061 b=363057755923 cin=1 | sum=1061332678985 cout=0
------------------------------------------------------------
Test cases: 1000 | Passed: 997 | Failed: 3
============================================================
